Traceback (most recent call last):
  File "/global/u1/b/bhowmic/Projects/IFE_AmSC/Laser/shim/laserWrite_multi.py", line 137, in <module>
    main()
  File "/global/u1/b/bhowmic/Projects/IFE_AmSC/Laser/shim/laserWrite_multi.py", line 121, in main
    convert_many(
  File "/global/u1/b/bhowmic/Projects/IFE_AmSC/Laser/shim/laserWrite_multi.py", line 73, in convert_many
    written_path = laser_to_adios(
                   ^^^^^^^^^^^^^^^
  File "/global/u1/b/bhowmic/Projects/IFE_AmSC/Laser/shim/laserWrite.py", line 79, in laser_to_adios
    model = read_laser_h5(h5_path, excel_meta=excel_meta, strict=strict)
            ^^^^^^^^^^^^^^^^^^^^^^^^^^^^^^^^^^^^^^^^^^^^^^^^^^^^^^^^^^^^
  File "/global/u1/b/bhowmic/Projects/IFE_AmSC/Laser/shim/metadata.py", line 701, in read_laser_h5
    with h5py.File(h5_path, "r") as h5_file:
         ^^^^^^^^^^^^^^^^^^^^^^^
  File "/global/homes/b/bhowmic/.conda/envs/IFE_AmSC/lib/python3.11/site-packages/h5py/_hl/files.py", line 555, in __init__
    fid = make_fid(name, mode, userblock_size, fapl, fcpl, swmr=swmr)
          ^^^^^^^^^^^^^^^^^^^^^^^^^^^^^^^^^^^^^^^^^^^^^^^^^^^^^^^^^^^
  File "/global/homes/b/bhowmic/.conda/envs/IFE_AmSC/lib/python3.11/site-packages/h5py/_hl/files.py", line 232, in make_fid
    fid = h5f.open(name, flags, fapl=fapl)
          ^^^^^^^^^^^^^^^^^^^^^^^^^^^^^^^^
  File "h5py/_objects.pyx", line 54, in h5py._objects.with_phil.wrapper
  File "h5py/_objects.pyx", line 55, in h5py._objects.with_phil.wrapper
  File "h5py/h5f.pyx", line 104, in h5py.h5f.open
OSError: Unable to synchronously open file (truncated file: eof = 96, sblock->base_addr = 0, stored_eof = 2048)
ERROR: Conversion failed: /global/cfs/cdirs/m3239/2026_FES-AmSC/data/laser/2026-05-31/png-14335-2026-05-31.h5
Traceback (most recent call last):
  File "/global/u1/b/bhowmic/Projects/IFE_AmSC/Laser/shim/laserWrite_multi.py", line 137, in <module>
    main()
  File "/global/u1/b/bhowmic/Projects/IFE_AmSC/Laser/shim/laserWrite_multi.py", line 121, in main
    convert_many(
  File "/global/u1/b/bhowmic/Projects/IFE_AmSC/Laser/shim/laserWrite_multi.py", line 73, in convert_many
    written_path = laser_to_adios(
                   ^^^^^^^^^^^^^^^
  File "/global/u1/b/bhowmic/Projects/IFE_AmSC/Laser/shim/laserWrite.py", line 79, in laser_to_adios
    model = read_laser_h5(h5_path, excel_meta=excel_meta, strict=strict)
            ^^^^^^^^^^^^^^^^^^^^^^^^^^^^^^^^^^^^^^^^^^^^^^^^^^^^^^^^^^^^
  File "/global/u1/b/bhowmic/Projects/IFE_AmSC/Laser/shim/metadata.py", line 701, in read_laser_h5
    with h5py.File(h5_path, "r") as h5_file:
         ^^^^^^^^^^^^^^^^^^^^^^^
  File "/global/homes/b/bhowmic/.conda/envs/IFE_AmSC/lib/python3.11/site-packages/h5py/_hl/files.py", line 555, in __init__
    fid = make_fid(name, mode, userblock_size, fapl, fcpl, swmr=swmr)
          ^^^^^^^^^^^^^^^^^^^^^^^^^^^^^^^^^^^^^^^^^^^^^^^^^^^^^^^^^^^
  File "/global/homes/b/bhowmic/.conda/envs/IFE_AmSC/lib/python3.11/site-packages/h5py/_hl/files.py", line 232, in make_fid
    fid = h5f.open(name, flags, fapl=fapl)
          ^^^^^^^^^^^^^^^^^^^^^^^^^^^^^^^^
  File "h5py/_objects.pyx", line 54, in h5py._objects.with_phil.wrapper
  File "h5py/_objects.pyx", line 55, in h5py._objects.with_phil.wrapper
  File "h5py/h5f.pyx", line 104, in h5py.h5f.open
OSError: Unable to synchronously open file (truncated file: eof = 96, sblock->base_addr = 0, stored_eof = 2048)
ERROR: Conversion failed: /global/cfs/cdirs/m3239/2026_FES-AmSC/data/laser/2026-05-31/alignment-14344-2026-05-31.h5
Traceback (most recent call last):
  File "/global/u1/b/bhowmic/Projects/IFE_AmSC/Laser/shim/laserWrite_multi.py", line 137, in <module>
    main()
  File "/global/u1/b/bhowmic/Projects/IFE_AmSC/Laser/shim/laserWrite_multi.py", line 121, in main
    convert_many(
  File "/global/u1/b/bhowmic/Projects/IFE_AmSC/Laser/shim/laserWrite_multi.py", line 73, in convert_many
    written_path = laser_to_adios(
                   ^^^^^^^^^^^^^^^
  File "/global/u1/b/bhowmic/Projects/IFE_AmSC/Laser/shim/laserWrite.py", line 79, in laser_to_adios
    model = read_laser_h5(h5_path, excel_meta=excel_meta, strict=strict)
            ^^^^^^^^^^^^^^^^^^^^^^^^^^^^^^^^^^^^^^^^^^^^^^^^^^^^^^^^^^^^
  File "/global/u1/b/bhowmic/Projects/IFE_AmSC/Laser/shim/metadata.py", line 701, in read_laser_h5
    with h5py.File(h5_path, "r") as h5_file:
         ^^^^^^^^^^^^^^^^^^^^^^^
  File "/global/homes/b/bhowmic/.conda/envs/IFE_AmSC/lib/python3.11/site-packages/h5py/_hl/files.py", line 555, in __init__
    fid = make_fid(name, mode, userblock_size, fapl, fcpl, swmr=swmr)
          ^^^^^^^^^^^^^^^^^^^^^^^^^^^^^^^^^^^^^^^^^^^^^^^^^^^^^^^^^^^
  File "/global/homes/b/bhowmic/.conda/envs/IFE_AmSC/lib/python3.11/site-packages/h5py/_hl/files.py", line 232, in make_fid
    fid = h5f.open(name, flags, fapl=fapl)
          ^^^^^^^^^^^^^^^^^^^^^^^^^^^^^^^^
  File "h5py/_objects.pyx", line 54, in h5py._objects.with_phil.wrapper
  File "h5py/_objects.pyx", line 55, in h5py._objects.with_phil.wrapper
  File "h5py/h5f.pyx", line 104, in h5py.h5f.open
OSError: Unable to synchronously open file (truncated file: eof = 96, sblock->base_addr = 0, stored_eof = 2048)
ERROR: Conversion failed: /global/cfs/cdirs/m3239/2026_FES-AmSC/data/laser/2026-04-13/png-14126-2026-04-13.h5
Traceback (most recent call last):
  File "/global/u1/b/bhowmic/Projects/IFE_AmSC/Laser/shim/laserWrite_multi.py", line 137, in <module>
    main()
  File "/global/u1/b/bhowmic/Projects/IFE_AmSC/Laser/shim/laserWrite_multi.py", line 121, in main
    convert_many(
  File "/global/u1/b/bhowmic/Projects/IFE_AmSC/Laser/shim/laserWrite_multi.py", line 73, in convert_many
    written_path = laser_to_adios(
                   ^^^^^^^^^^^^^^^
  File "/global/u1/b/bhowmic/Projects/IFE_AmSC/Laser/shim/laserWrite.py", line 79, in laser_to_adios
    model = read_laser_h5(h5_path, excel_meta=excel_meta, strict=strict)
            ^^^^^^^^^^^^^^^^^^^^^^^^^^^^^^^^^^^^^^^^^^^^^^^^^^^^^^^^^^^^
  File "/global/u1/b/bhowmic/Projects/IFE_AmSC/Laser/shim/metadata.py", line 701, in read_laser_h5
    with h5py.File(h5_path, "r") as h5_file:
         ^^^^^^^^^^^^^^^^^^^^^^^
  File "/global/homes/b/bhowmic/.conda/envs/IFE_AmSC/lib/python3.11/site-packages/h5py/_hl/files.py", line 555, in __init__
    fid = make_fid(name, mode, userblock_size, fapl, fcpl, swmr=swmr)
          ^^^^^^^^^^^^^^^^^^^^^^^^^^^^^^^^^^^^^^^^^^^^^^^^^^^^^^^^^^^
  File "/global/homes/b/bhowmic/.conda/envs/IFE_AmSC/lib/python3.11/site-packages/h5py/_hl/files.py", line 232, in make_fid
    fid = h5f.open(name, flags, fapl=fapl)
          ^^^^^^^^^^^^^^^^^^^^^^^^^^^^^^^^
  File "h5py/_objects.pyx", line 54, in h5py._objects.with_phil.wrapper
  File "h5py/_objects.pyx", line 55, in h5py._objects.with_phil.wrapper
  File "h5py/h5f.pyx", line 104, in h5py.h5f.open
OSError: Unable to synchronously open file (truncated file: eof = 96, sblock->base_addr = 0, stored_eof = 2048)
ERROR: Conversion failed: /global/cfs/cdirs/m3239/2026_FES-AmSC/data/laser/2026-05-30/png-14323-2026-05-30.h5
Traceback (most recent call last):
  File "/global/u1/b/bhowmic/Projects/IFE_AmSC/Laser/shim/laserWrite_multi.py", line 137, in <module>
    main()
  File "/global/u1/b/bhowmic/Projects/IFE_AmSC/Laser/shim/laserWrite_multi.py", line 121, in main
    convert_many(
  File "/global/u1/b/bhowmic/Projects/IFE_AmSC/Laser/shim/laserWrite_multi.py", line 73, in convert_many
    written_path = laser_to_adios(
                   ^^^^^^^^^^^^^^^
  File "/global/u1/b/bhowmic/Projects/IFE_AmSC/Laser/shim/laserWrite.py", line 79, in laser_to_adios
    model = read_laser_h5(h5_path, excel_meta=excel_meta, strict=strict)
            ^^^^^^^^^^^^^^^^^^^^^^^^^^^^^^^^^^^^^^^^^^^^^^^^^^^^^^^^^^^^
  File "/global/u1/b/bhowmic/Projects/IFE_AmSC/Laser/shim/metadata.py", line 701, in read_laser_h5
    with h5py.File(h5_path, "r") as h5_file:
         ^^^^^^^^^^^^^^^^^^^^^^^
  File "/global/homes/b/bhowmic/.conda/envs/IFE_AmSC/lib/python3.11/site-packages/h5py/_hl/files.py", line 555, in __init__
    fid = make_fid(name, mode, userblock_size, fapl, fcpl, swmr=swmr)
          ^^^^^^^^^^^^^^^^^^^^^^^^^^^^^^^^^^^^^^^^^^^^^^^^^^^^^^^^^^^
  File "/global/homes/b/bhowmic/.conda/envs/IFE_AmSC/lib/python3.11/site-packages/h5py/_hl/files.py", line 232, in make_fid
    fid = h5f.open(name, flags, fapl=fapl)
          ^^^^^^^^^^^^^^^^^^^^^^^^^^^^^^^^
  File "h5py/_objects.pyx", line 54, in h5py._objects.with_phil.wrapper
  File "h5py/_objects.pyx", line 55, in h5py._objects.with_phil.wrapper
  File "h5py/h5f.pyx", line 104, in h5py.h5f.open
OSError: Unable to synchronously open file (truncated file: eof = 96, sblock->base_addr = 0, stored_eof = 2048)
ERROR: Conversion failed: /global/cfs/cdirs/m3239/2026_FES-AmSC/data/laser/2026-04-22/png-14183-2026-04-22.h5
Traceback (most recent call last):
  File "/global/u1/b/bhowmic/Projects/IFE_AmSC/Laser/shim/laserWrite_multi.py", line 137, in <module>
    main()
  File "/global/u1/b/bhowmic/Projects/IFE_AmSC/Laser/shim/laserWrite_multi.py", line 121, in main
    convert_many(
  File "/global/u1/b/bhowmic/Projects/IFE_AmSC/Laser/shim/laserWrite_multi.py", line 73, in convert_many
    written_path = laser_to_adios(
                   ^^^^^^^^^^^^^^^
  File "/global/u1/b/bhowmic/Projects/IFE_AmSC/Laser/shim/laserWrite.py", line 79, in laser_to_adios
    model = read_laser_h5(h5_path, excel_meta=excel_meta, strict=strict)
            ^^^^^^^^^^^^^^^^^^^^^^^^^^^^^^^^^^^^^^^^^^^^^^^^^^^^^^^^^^^^
  File "/global/u1/b/bhowmic/Projects/IFE_AmSC/Laser/shim/metadata.py", line 701, in read_laser_h5
    with h5py.File(h5_path, "r") as h5_file:
         ^^^^^^^^^^^^^^^^^^^^^^^
  File "/global/homes/b/bhowmic/.conda/envs/IFE_AmSC/lib/python3.11/site-packages/h5py/_hl/files.py", line 555, in __init__
    fid = make_fid(name, mode, userblock_size, fapl, fcpl, swmr=swmr)
          ^^^^^^^^^^^^^^^^^^^^^^^^^^^^^^^^^^^^^^^^^^^^^^^^^^^^^^^^^^^
  File "/global/homes/b/bhowmic/.conda/envs/IFE_AmSC/lib/python3.11/site-packages/h5py/_hl/files.py", line 232, in make_fid
    fid = h5f.open(name, flags, fapl=fapl)
          ^^^^^^^^^^^^^^^^^^^^^^^^^^^^^^^^
  File "h5py/_objects.pyx", line 54, in h5py._objects.with_phil.wrapper
  File "h5py/_objects.pyx", line 55, in h5py._objects.with_phil.wrapper
  File "h5py/h5f.pyx", line 104, in h5py.h5f.open
OSError: Unable to synchronously open file (truncated file: eof = 96, sblock->base_addr = 0, stored_eof = 2048)
ERROR: Conversion failed: /global/cfs/cdirs/m3239/2026_FES-AmSC/data/laser/2026-04-22/png-14177-2026-04-22_1.h5
Traceback (most recent call last):
  File "/global/u1/b/bhowmic/Projects/IFE_AmSC/Laser/shim/laserWrite_multi.py", line 137, in <module>
    main()
  File "/global/u1/b/bhowmic/Projects/IFE_AmSC/Laser/shim/laserWrite_multi.py", line 121, in main
    convert_many(
  File "/global/u1/b/bhowmic/Projects/IFE_AmSC/Laser/shim/laserWrite_multi.py", line 73, in convert_many
    written_path = laser_to_adios(
                   ^^^^^^^^^^^^^^^
  File "/global/u1/b/bhowmic/Projects/IFE_AmSC/Laser/shim/laserWrite.py", line 79, in laser_to_adios
    model = read_laser_h5(h5_path, excel_meta=excel_meta, strict=strict)
            ^^^^^^^^^^^^^^^^^^^^^^^^^^^^^^^^^^^^^^^^^^^^^^^^^^^^^^^^^^^^
  File "/global/u1/b/bhowmic/Projects/IFE_AmSC/Laser/shim/metadata.py", line 701, in read_laser_h5
    with h5py.File(h5_path, "r") as h5_file:
         ^^^^^^^^^^^^^^^^^^^^^^^
  File "/global/homes/b/bhowmic/.conda/envs/IFE_AmSC/lib/python3.11/site-packages/h5py/_hl/files.py", line 555, in __init__
    fid = make_fid(name, mode, userblock_size, fapl, fcpl, swmr=swmr)
          ^^^^^^^^^^^^^^^^^^^^^^^^^^^^^^^^^^^^^^^^^^^^^^^^^^^^^^^^^^^
  File "/global/homes/b/bhowmic/.conda/envs/IFE_AmSC/lib/python3.11/site-packages/h5py/_hl/files.py", line 232, in make_fid
    fid = h5f.open(name, flags, fapl=fapl)
          ^^^^^^^^^^^^^^^^^^^^^^^^^^^^^^^^
  File "h5py/_objects.pyx", line 54, in h5py._objects.with_phil.wrapper
  File "h5py/_objects.pyx", line 55, in h5py._objects.with_phil.wrapper
  File "h5py/h5f.pyx", line 104, in h5py.h5f.open
OSError: Unable to synchronously open file (truncated file: eof = 96, sblock->base_addr = 0, stored_eof = 2048)
ERROR: Conversion failed: /global/cfs/cdirs/m3239/2026_FES-AmSC/data/laser/2026-04-15/png-14139-2026-04-15_1.h5
