LASER source root : /global/cfs/cdirs/m3239/2026_FES-AmSC/data/laser
BP5 output        : /global/cfs/cdirs/m3239/2026_FES-AmSC/data/laser/bp_output
Conda environment : IFE_AmSC
Discovered        : 500 HDF5 file(s)

Processing: /global/cfs/cdirs/m3239/2026_FES-AmSC/data/laser/2026-06-05/png-14362-2026-06-05.h5
[meta] Loaded PV metadata from /global/cfs/cdirs/m3239/2026_FES-AmSC/data/laser/documentation/DT peening laser PVs (updated).xlsx (201 PV entries)
[done] Wrote Laser BP5: /global/cfs/cdirs/m3239/2026_FES-AmSC/data/laser/bp_output/png-14362-2026-06-05.bp5 (58/10000 valid samples, 174 scalars, 29 traces, 7 coordinates, 3 images, 208 timestamps)
[summary] Converted 1 file(s); skipped 0 existing file(s); failed 0 file(s).

Processing: /global/cfs/cdirs/m3239/2026_FES-AmSC/data/laser/2026-06-05/alignment-14373-2026-06-05.h5
[meta] Loaded PV metadata from /global/cfs/cdirs/m3239/2026_FES-AmSC/data/laser/documentation/DT peening laser PVs (updated).xlsx (201 PV entries)
[done] Wrote Laser BP5: /global/cfs/cdirs/m3239/2026_FES-AmSC/data/laser/bp_output/alignment-14373-2026-06-05.bp5 (1078/10000 valid samples, 174 scalars, 29 traces, 7 coordinates, 2 images, 208 timestamps)
[summary] Converted 1 file(s); skipped 0 existing file(s); failed 0 file(s).

Processing: /global/cfs/cdirs/m3239/2026_FES-AmSC/data/laser/2026-06-05/png-14371-2026-06-05.h5
[meta] Loaded PV metadata from /global/cfs/cdirs/m3239/2026_FES-AmSC/data/laser/documentation/DT peening laser PVs (updated).xlsx (201 PV entries)
[done] Wrote Laser BP5: /global/cfs/cdirs/m3239/2026_FES-AmSC/data/laser/bp_output/png-14371-2026-06-05.bp5 (232/10000 valid samples, 174 scalars, 29 traces, 7 coordinates, 3 images, 208 timestamps)
[summary] Converted 1 file(s); skipped 0 existing file(s); failed 0 file(s).

Processing: /global/cfs/cdirs/m3239/2026_FES-AmSC/data/laser/2026-06-05/png-14364-2026-06-05.h5
[meta] Loaded PV metadata from /global/cfs/cdirs/m3239/2026_FES-AmSC/data/laser/documentation/DT peening laser PVs (updated).xlsx (201 PV entries)
[done] Wrote Laser BP5: /global/cfs/cdirs/m3239/2026_FES-AmSC/data/laser/bp_output/png-14364-2026-06-05.bp5 (76/10000 valid samples, 174 scalars, 29 traces, 7 coordinates, 7 images, 208 timestamps)
[summary] Converted 1 file(s); skipped 0 existing file(s); failed 0 file(s).

Processing: /global/cfs/cdirs/m3239/2026_FES-AmSC/data/laser/2026-06-05/png-14365-2026-06-05.h5
[meta] Loaded PV metadata from /global/cfs/cdirs/m3239/2026_FES-AmSC/data/laser/documentation/DT peening laser PVs (updated).xlsx (201 PV entries)
[done] Wrote Laser BP5: /global/cfs/cdirs/m3239/2026_FES-AmSC/data/laser/bp_output/png-14365-2026-06-05.bp5 (797/10000 valid samples, 174 scalars, 29 traces, 7 coordinates, 7 images, 208 timestamps)
[summary] Converted 1 file(s); skipped 0 existing file(s); failed 0 file(s).

Processing: /global/cfs/cdirs/m3239/2026_FES-AmSC/data/laser/2026-06-05/png-14369-2026-06-05.h5
[meta] Loaded PV metadata from /global/cfs/cdirs/m3239/2026_FES-AmSC/data/laser/documentation/DT peening laser PVs (updated).xlsx (201 PV entries)
[done] Wrote Laser BP5: /global/cfs/cdirs/m3239/2026_FES-AmSC/data/laser/bp_output/png-14369-2026-06-05.bp5 (486/10000 valid samples, 174 scalars, 29 traces, 7 coordinates, 2 images, 208 timestamps)
[summary] Converted 1 file(s); skipped 0 existing file(s); failed 0 file(s).

Processing: /global/cfs/cdirs/m3239/2026_FES-AmSC/data/laser/2026-06-05/png-14372-2026-06-05.h5
[meta] Loaded PV metadata from /global/cfs/cdirs/m3239/2026_FES-AmSC/data/laser/documentation/DT peening laser PVs (updated).xlsx (201 PV entries)
[done] Wrote Laser BP5: /global/cfs/cdirs/m3239/2026_FES-AmSC/data/laser/bp_output/png-14372-2026-06-05.bp5 (316/10000 valid samples, 174 scalars, 29 traces, 7 coordinates, 4 images, 208 timestamps)
[summary] Converted 1 file(s); skipped 0 existing file(s); failed 0 file(s).

Processing: /global/cfs/cdirs/m3239/2026_FES-AmSC/data/laser/2026-06-05/png-14366-2026-06-05.h5
[meta] Loaded PV metadata from /global/cfs/cdirs/m3239/2026_FES-AmSC/data/laser/documentation/DT peening laser PVs (updated).xlsx (201 PV entries)
[done] Wrote Laser BP5: /global/cfs/cdirs/m3239/2026_FES-AmSC/data/laser/bp_output/png-14366-2026-06-05.bp5 (931/10000 valid samples, 174 scalars, 29 traces, 7 coordinates, 3 images, 208 timestamps)
[summary] Converted 1 file(s); skipped 0 existing file(s); failed 0 file(s).

Processing: /global/cfs/cdirs/m3239/2026_FES-AmSC/data/laser/2026-06-05/alignment-14361-2026-06-05.h5
[meta] Loaded PV metadata from /global/cfs/cdirs/m3239/2026_FES-AmSC/data/laser/documentation/DT peening laser PVs (updated).xlsx (201 PV entries)
[done] Wrote Laser BP5: /global/cfs/cdirs/m3239/2026_FES-AmSC/data/laser/bp_output/alignment-14361-2026-06-05.bp5 (952/10000 valid samples, 174 scalars, 29 traces, 7 coordinates, 2 images, 208 timestamps)
[summary] Converted 1 file(s); skipped 0 existing file(s); failed 0 file(s).

Processing: /global/cfs/cdirs/m3239/2026_FES-AmSC/data/laser/2026-06-05/png-14370-2026-06-05.h5
[meta] Loaded PV metadata from /global/cfs/cdirs/m3239/2026_FES-AmSC/data/laser/documentation/DT peening laser PVs (updated).xlsx (201 PV entries)
[done] Wrote Laser BP5: /global/cfs/cdirs/m3239/2026_FES-AmSC/data/laser/bp_output/png-14370-2026-06-05.bp5 (492/10000 valid samples, 174 scalars, 29 traces, 7 coordinates, 3 images, 208 timestamps)
[summary] Converted 1 file(s); skipped 0 existing file(s); failed 0 file(s).

Processing: /global/cfs/cdirs/m3239/2026_FES-AmSC/data/laser/2026-06-05/png-14368-2026-06-05.h5
[meta] Loaded PV metadata from /global/cfs/cdirs/m3239/2026_FES-AmSC/data/laser/documentation/DT peening laser PVs (updated).xlsx (201 PV entries)
[done] Wrote Laser BP5: /global/cfs/cdirs/m3239/2026_FES-AmSC/data/laser/bp_output/png-14368-2026-06-05.bp5 (477/10000 valid samples, 174 scalars, 29 traces, 7 coordinates, 3 images, 208 timestamps)
[summary] Converted 1 file(s); skipped 0 existing file(s); failed 0 file(s).

Processing: /global/cfs/cdirs/m3239/2026_FES-AmSC/data/laser/2026-06-05/png-14367-2026-06-05.h5
[meta] Loaded PV metadata from /global/cfs/cdirs/m3239/2026_FES-AmSC/data/laser/documentation/DT peening laser PVs (updated).xlsx (201 PV entries)
[done] Wrote Laser BP5: /global/cfs/cdirs/m3239/2026_FES-AmSC/data/laser/bp_output/png-14367-2026-06-05.bp5 (510/10000 valid samples, 174 scalars, 29 traces, 7 coordinates, 2 images, 208 timestamps)
[summary] Converted 1 file(s); skipped 0 existing file(s); failed 0 file(s).

Processing: /global/cfs/cdirs/m3239/2026_FES-AmSC/data/laser/2026-04-06/png-14104-2026-04-06.h5
[meta] Loaded PV metadata from /global/cfs/cdirs/m3239/2026_FES-AmSC/data/laser/documentation/DT peening laser PVs (updated).xlsx (201 PV entries)
[done] Wrote Laser BP5: /global/cfs/cdirs/m3239/2026_FES-AmSC/data/laser/bp_output/png-14104-2026-04-06.bp5 (195/10000 valid samples, 165 scalars, 29 traces, 7 coordinates, 5 images, 200 timestamps)
[summary] Converted 1 file(s); skipped 0 existing file(s); failed 0 file(s).

Processing: /global/cfs/cdirs/m3239/2026_FES-AmSC/data/laser/2026-04-06/png-14103-2026-04-06.h5
[meta] Loaded PV metadata from /global/cfs/cdirs/m3239/2026_FES-AmSC/data/laser/documentation/DT peening laser PVs (updated).xlsx (201 PV entries)
[done] Wrote Laser BP5: /global/cfs/cdirs/m3239/2026_FES-AmSC/data/laser/bp_output/png-14103-2026-04-06.bp5 (500/10000 valid samples, 165 scalars, 29 traces, 7 coordinates, 4 images, 200 timestamps)
[summary] Converted 1 file(s); skipped 0 existing file(s); failed 0 file(s).

Processing: /global/cfs/cdirs/m3239/2026_FES-AmSC/data/laser/2026-04-06/png-14101-2026-04-06.h5
[meta] Loaded PV metadata from /global/cfs/cdirs/m3239/2026_FES-AmSC/data/laser/documentation/DT peening laser PVs (updated).xlsx (201 PV entries)
[done] Wrote Laser BP5: /global/cfs/cdirs/m3239/2026_FES-AmSC/data/laser/bp_output/png-14101-2026-04-06.bp5 (260/10000 valid samples, 165 scalars, 29 traces, 7 coordinates, 3 images, 200 timestamps)
[summary] Converted 1 file(s); skipped 0 existing file(s); failed 0 file(s).

Processing: /global/cfs/cdirs/m3239/2026_FES-AmSC/data/laser/2026-04-06/main-delay2-2026-04-06.h5
[meta] Loaded PV metadata from /global/cfs/cdirs/m3239/2026_FES-AmSC/data/laser/documentation/DT peening laser PVs (updated).xlsx (201 PV entries)
[done] Wrote Laser BP5: /global/cfs/cdirs/m3239/2026_FES-AmSC/data/laser/bp_output/main-delay2-2026-04-06.bp5 (401/401 valid samples, 167 scalars, 29 traces, 7 coordinates, 7 images, 202 timestamps)
[summary] Converted 1 file(s); skipped 0 existing file(s); failed 0 file(s).

Processing: /global/cfs/cdirs/m3239/2026_FES-AmSC/data/laser/2026-04-06/main-voltage-2026-04-06.h5
[meta] Loaded PV metadata from /global/cfs/cdirs/m3239/2026_FES-AmSC/data/laser/documentation/DT peening laser PVs (updated).xlsx (201 PV entries)
[done] Wrote Laser BP5: /global/cfs/cdirs/m3239/2026_FES-AmSC/data/laser/bp_output/main-voltage-2026-04-06.bp5 (125/125 valid samples, 167 scalars, 29 traces, 7 coordinates, 7 images, 202 timestamps)
[summary] Converted 1 file(s); skipped 0 existing file(s); failed 0 file(s).

Processing: /global/cfs/cdirs/m3239/2026_FES-AmSC/data/laser/2026-04-06/png-14102-2026-04-06.h5
[meta] Loaded PV metadata from /global/cfs/cdirs/m3239/2026_FES-AmSC/data/laser/documentation/DT peening laser PVs (updated).xlsx (201 PV entries)
[done] Wrote Laser BP5: /global/cfs/cdirs/m3239/2026_FES-AmSC/data/laser/bp_output/png-14102-2026-04-06.bp5 (51/10000 valid samples, 165 scalars, 29 traces, 7 coordinates, 6 images, 200 timestamps)
[summary] Converted 1 file(s); skipped 0 existing file(s); failed 0 file(s).

Processing: /global/cfs/cdirs/m3239/2026_FES-AmSC/data/laser/2026-05-31/alignment-14340-2026-05-31.h5
[meta] Loaded PV metadata from /global/cfs/cdirs/m3239/2026_FES-AmSC/data/laser/documentation/DT peening laser PVs (updated).xlsx (201 PV entries)
[done] Wrote Laser BP5: /global/cfs/cdirs/m3239/2026_FES-AmSC/data/laser/bp_output/alignment-14340-2026-05-31.bp5 (30/10000 valid samples, 174 scalars, 29 traces, 7 coordinates, 7 images, 208 timestamps)
[summary] Converted 1 file(s); skipped 0 existing file(s); failed 0 file(s).

Processing: /global/cfs/cdirs/m3239/2026_FES-AmSC/data/laser/2026-05-31/png-14333-2026-05-31.h5
[meta] Loaded PV metadata from /global/cfs/cdirs/m3239/2026_FES-AmSC/data/laser/documentation/DT peening laser PVs (updated).xlsx (201 PV entries)
[done] Wrote Laser BP5: /global/cfs/cdirs/m3239/2026_FES-AmSC/data/laser/bp_output/png-14333-2026-05-31.bp5 (5/10000 valid samples, 174 scalars, 29 traces, 7 coordinates, 7 images, 208 timestamps)
[summary] Converted 1 file(s); skipped 0 existing file(s); failed 0 file(s).

Processing: /global/cfs/cdirs/m3239/2026_FES-AmSC/data/laser/2026-05-31/png-14346-2026-05-31.h5
[meta] Loaded PV metadata from /global/cfs/cdirs/m3239/2026_FES-AmSC/data/laser/documentation/DT peening laser PVs (updated).xlsx (201 PV entries)
[done] Wrote Laser BP5: /global/cfs/cdirs/m3239/2026_FES-AmSC/data/laser/bp_output/png-14346-2026-05-31.bp5 (1382/10000 valid samples, 174 scalars, 29 traces, 7 coordinates, 7 images, 208 timestamps)
[summary] Converted 1 file(s); skipped 0 existing file(s); failed 0 file(s).

Processing: /global/cfs/cdirs/m3239/2026_FES-AmSC/data/laser/2026-05-31/alignment-14330-2026-05-31.h5
[meta] Loaded PV metadata from /global/cfs/cdirs/m3239/2026_FES-AmSC/data/laser/documentation/DT peening laser PVs (updated).xlsx (201 PV entries)
[done] Wrote Laser BP5: /global/cfs/cdirs/m3239/2026_FES-AmSC/data/laser/bp_output/alignment-14330-2026-05-31.bp5 (885/10000 valid samples, 174 scalars, 29 traces, 7 coordinates, 4 images, 208 timestamps)
[summary] Converted 1 file(s); skipped 0 existing file(s); failed 0 file(s).

Processing: /global/cfs/cdirs/m3239/2026_FES-AmSC/data/laser/2026-05-31/alignment-14345-2026-05-31.h5
[meta] Loaded PV metadata from /global/cfs/cdirs/m3239/2026_FES-AmSC/data/laser/documentation/DT peening laser PVs (updated).xlsx (201 PV entries)
[done] Wrote Laser BP5: /global/cfs/cdirs/m3239/2026_FES-AmSC/data/laser/bp_output/alignment-14345-2026-05-31.bp5 (211/10000 valid samples, 174 scalars, 29 traces, 7 coordinates, 7 images, 208 timestamps)
[summary] Converted 1 file(s); skipped 0 existing file(s); failed 0 file(s).

Processing: /global/cfs/cdirs/m3239/2026_FES-AmSC/data/laser/2026-05-31/png-14342-2026-05-31.h5
[meta] Loaded PV metadata from /global/cfs/cdirs/m3239/2026_FES-AmSC/data/laser/documentation/DT peening laser PVs (updated).xlsx (201 PV entries)
[done] Wrote Laser BP5: /global/cfs/cdirs/m3239/2026_FES-AmSC/data/laser/bp_output/png-14342-2026-05-31.bp5 (1011/10000 valid samples, 174 scalars, 29 traces, 7 coordinates, 7 images, 208 timestamps)
[summary] Converted 1 file(s); skipped 0 existing file(s); failed 0 file(s).

Processing: /global/cfs/cdirs/m3239/2026_FES-AmSC/data/laser/2026-05-31/png-14343-2026-05-31.h5
[meta] Loaded PV metadata from /global/cfs/cdirs/m3239/2026_FES-AmSC/data/laser/documentation/DT peening laser PVs (updated).xlsx (201 PV entries)
[done] Wrote Laser BP5: /global/cfs/cdirs/m3239/2026_FES-AmSC/data/laser/bp_output/png-14343-2026-05-31.bp5 (170/10000 valid samples, 174 scalars, 29 traces, 7 coordinates, 7 images, 208 timestamps)
[summary] Converted 1 file(s); skipped 0 existing file(s); failed 0 file(s).

Processing: /global/cfs/cdirs/m3239/2026_FES-AmSC/data/laser/2026-05-31/png-14335-2026-05-31.h5
[meta] Loaded PV metadata from /global/cfs/cdirs/m3239/2026_FES-AmSC/data/laser/documentation/DT peening laser PVs (updated).xlsx (201 PV entries)

Processing: /global/cfs/cdirs/m3239/2026_FES-AmSC/data/laser/2026-05-31/png-14337-2026-05-31.h5
[meta] Loaded PV metadata from /global/cfs/cdirs/m3239/2026_FES-AmSC/data/laser/documentation/DT peening laser PVs (updated).xlsx (201 PV entries)
[done] Wrote Laser BP5: /global/cfs/cdirs/m3239/2026_FES-AmSC/data/laser/bp_output/png-14337-2026-05-31.bp5 (854/10000 valid samples, 174 scalars, 29 traces, 7 coordinates, 7 images, 208 timestamps)
[summary] Converted 1 file(s); skipped 0 existing file(s); failed 0 file(s).

Processing: /global/cfs/cdirs/m3239/2026_FES-AmSC/data/laser/2026-05-31/png-14329-2026-05-31.h5
[meta] Loaded PV metadata from /global/cfs/cdirs/m3239/2026_FES-AmSC/data/laser/documentation/DT peening laser PVs (updated).xlsx (201 PV entries)
[done] Wrote Laser BP5: /global/cfs/cdirs/m3239/2026_FES-AmSC/data/laser/bp_output/png-14329-2026-05-31.bp5 (863/10000 valid samples, 174 scalars, 29 traces, 7 coordinates, 4 images, 208 timestamps)
[summary] Converted 1 file(s); skipped 0 existing file(s); failed 0 file(s).

Processing: /global/cfs/cdirs/m3239/2026_FES-AmSC/data/laser/2026-05-31/png-14341-2026-05-31.h5
[meta] Loaded PV metadata from /global/cfs/cdirs/m3239/2026_FES-AmSC/data/laser/documentation/DT peening laser PVs (updated).xlsx (201 PV entries)
[done] Wrote Laser BP5: /global/cfs/cdirs/m3239/2026_FES-AmSC/data/laser/bp_output/png-14341-2026-05-31.bp5 (278/10000 valid samples, 174 scalars, 29 traces, 7 coordinates, 7 images, 208 timestamps)
[summary] Converted 1 file(s); skipped 0 existing file(s); failed 0 file(s).

Processing: /global/cfs/cdirs/m3239/2026_FES-AmSC/data/laser/2026-05-31/png-14336-2026-05-31.h5
[meta] Loaded PV metadata from /global/cfs/cdirs/m3239/2026_FES-AmSC/data/laser/documentation/DT peening laser PVs (updated).xlsx (201 PV entries)
[done] Wrote Laser BP5: /global/cfs/cdirs/m3239/2026_FES-AmSC/data/laser/bp_output/png-14336-2026-05-31.bp5 (1347/10000 valid samples, 174 scalars, 29 traces, 7 coordinates, 7 images, 208 timestamps)
[summary] Converted 1 file(s); skipped 0 existing file(s); failed 0 file(s).

Processing: /global/cfs/cdirs/m3239/2026_FES-AmSC/data/laser/2026-05-31/png-14339-2026-05-31.h5
[meta] Loaded PV metadata from /global/cfs/cdirs/m3239/2026_FES-AmSC/data/laser/documentation/DT peening laser PVs (updated).xlsx (201 PV entries)
[done] Wrote Laser BP5: /global/cfs/cdirs/m3239/2026_FES-AmSC/data/laser/bp_output/png-14339-2026-05-31.bp5 (161/10000 valid samples, 174 scalars, 29 traces, 7 coordinates, 7 images, 208 timestamps)
[summary] Converted 1 file(s); skipped 0 existing file(s); failed 0 file(s).

Processing: /global/cfs/cdirs/m3239/2026_FES-AmSC/data/laser/2026-05-31/png-14344-2026-05-31.h5
[meta] Loaded PV metadata from /global/cfs/cdirs/m3239/2026_FES-AmSC/data/laser/documentation/DT peening laser PVs (updated).xlsx (201 PV entries)
[done] Wrote Laser BP5: /global/cfs/cdirs/m3239/2026_FES-AmSC/data/laser/bp_output/png-14344-2026-05-31.bp5 (190/10000 valid samples, 174 scalars, 29 traces, 7 coordinates, 7 images, 208 timestamps)
[summary] Converted 1 file(s); skipped 0 existing file(s); failed 0 file(s).

Processing: /global/cfs/cdirs/m3239/2026_FES-AmSC/data/laser/2026-05-31/png-14338-2026-05-31.h5
[meta] Loaded PV metadata from /global/cfs/cdirs/m3239/2026_FES-AmSC/data/laser/documentation/DT peening laser PVs (updated).xlsx (201 PV entries)
[done] Wrote Laser BP5: /global/cfs/cdirs/m3239/2026_FES-AmSC/data/laser/bp_output/png-14338-2026-05-31.bp5 (2080/10000 valid samples, 174 scalars, 29 traces, 7 coordinates, 7 images, 208 timestamps)
[summary] Converted 1 file(s); skipped 0 existing file(s); failed 0 file(s).

Processing: /global/cfs/cdirs/m3239/2026_FES-AmSC/data/laser/2026-05-31/png-14334-2026-05-31.h5
[meta] Loaded PV metadata from /global/cfs/cdirs/m3239/2026_FES-AmSC/data/laser/documentation/DT peening laser PVs (updated).xlsx (201 PV entries)
[done] Wrote Laser BP5: /global/cfs/cdirs/m3239/2026_FES-AmSC/data/laser/bp_output/png-14334-2026-05-31.bp5 (1073/10000 valid samples, 174 scalars, 29 traces, 7 coordinates, 7 images, 208 timestamps)
[summary] Converted 1 file(s); skipped 0 existing file(s); failed 0 file(s).

Processing: /global/cfs/cdirs/m3239/2026_FES-AmSC/data/laser/2026-05-31/alignment-14331-2026-05-31.h5
[meta] Loaded PV metadata from /global/cfs/cdirs/m3239/2026_FES-AmSC/data/laser/documentation/DT peening laser PVs (updated).xlsx (201 PV entries)
[done] Wrote Laser BP5: /global/cfs/cdirs/m3239/2026_FES-AmSC/data/laser/bp_output/alignment-14331-2026-05-31.bp5 (45/10000 valid samples, 174 scalars, 29 traces, 7 coordinates, 3 images, 208 timestamps)
[summary] Converted 1 file(s); skipped 0 existing file(s); failed 0 file(s).

Processing: /global/cfs/cdirs/m3239/2026_FES-AmSC/data/laser/2026-05-31/alignment-14344-2026-05-31.h5
[meta] Loaded PV metadata from /global/cfs/cdirs/m3239/2026_FES-AmSC/data/laser/documentation/DT peening laser PVs (updated).xlsx (201 PV entries)

Processing: /global/cfs/cdirs/m3239/2026_FES-AmSC/data/laser/2026-04-13/png-14129-2026-04-13.h5
[meta] Loaded PV metadata from /global/cfs/cdirs/m3239/2026_FES-AmSC/data/laser/documentation/DT peening laser PVs (updated).xlsx (201 PV entries)
[done] Wrote Laser BP5: /global/cfs/cdirs/m3239/2026_FES-AmSC/data/laser/bp_output/png-14129-2026-04-13.bp5 (135/10000 valid samples, 165 scalars, 29 traces, 7 coordinates, 7 images, 200 timestamps)
[summary] Converted 1 file(s); skipped 0 existing file(s); failed 0 file(s).

Processing: /global/cfs/cdirs/m3239/2026_FES-AmSC/data/laser/2026-04-13/png-14128-2026-04-13.h5
[meta] Loaded PV metadata from /global/cfs/cdirs/m3239/2026_FES-AmSC/data/laser/documentation/DT peening laser PVs (updated).xlsx (201 PV entries)
[done] Wrote Laser BP5: /global/cfs/cdirs/m3239/2026_FES-AmSC/data/laser/bp_output/png-14128-2026-04-13.bp5 (73/10000 valid samples, 165 scalars, 29 traces, 7 coordinates, 7 images, 200 timestamps)
[summary] Converted 1 file(s); skipped 0 existing file(s); failed 0 file(s).

Processing: /global/cfs/cdirs/m3239/2026_FES-AmSC/data/laser/2026-04-13/png-14125-2026-04-13.h5
[meta] Loaded PV metadata from /global/cfs/cdirs/m3239/2026_FES-AmSC/data/laser/documentation/DT peening laser PVs (updated).xlsx (201 PV entries)
[done] Wrote Laser BP5: /global/cfs/cdirs/m3239/2026_FES-AmSC/data/laser/bp_output/png-14125-2026-04-13.bp5 (2480/10000 valid samples, 165 scalars, 29 traces, 7 coordinates, 7 images, 200 timestamps)
[summary] Converted 1 file(s); skipped 0 existing file(s); failed 0 file(s).

Processing: /global/cfs/cdirs/m3239/2026_FES-AmSC/data/laser/2026-04-13/png-14124-2026-04-13.h5
[meta] Loaded PV metadata from /global/cfs/cdirs/m3239/2026_FES-AmSC/data/laser/documentation/DT peening laser PVs (updated).xlsx (201 PV entries)
[done] Wrote Laser BP5: /global/cfs/cdirs/m3239/2026_FES-AmSC/data/laser/bp_output/png-14124-2026-04-13.bp5 (39/10000 valid samples, 165 scalars, 29 traces, 7 coordinates, 3 images, 200 timestamps)
[summary] Converted 1 file(s); skipped 0 existing file(s); failed 0 file(s).

Processing: /global/cfs/cdirs/m3239/2026_FES-AmSC/data/laser/2026-04-13/png-14127-2026-04-13.h5
[meta] Loaded PV metadata from /global/cfs/cdirs/m3239/2026_FES-AmSC/data/laser/documentation/DT peening laser PVs (updated).xlsx (201 PV entries)
[done] Wrote Laser BP5: /global/cfs/cdirs/m3239/2026_FES-AmSC/data/laser/bp_output/png-14127-2026-04-13.bp5 (1209/10000 valid samples, 165 scalars, 29 traces, 7 coordinates, 7 images, 200 timestamps)
[summary] Converted 1 file(s); skipped 0 existing file(s); failed 0 file(s).

Processing: /global/cfs/cdirs/m3239/2026_FES-AmSC/data/laser/2026-04-13/png-14126-2026-04-13.h5
[meta] Loaded PV metadata from /global/cfs/cdirs/m3239/2026_FES-AmSC/data/laser/documentation/DT peening laser PVs (updated).xlsx (201 PV entries)

Processing: /global/cfs/cdirs/m3239/2026_FES-AmSC/data/laser/2026-04-03/main-timing-2026-04-03_1.h5
[meta] Loaded PV metadata from /global/cfs/cdirs/m3239/2026_FES-AmSC/data/laser/documentation/DT peening laser PVs (updated).xlsx (201 PV entries)
[done] Wrote Laser BP5: /global/cfs/cdirs/m3239/2026_FES-AmSC/data/laser/bp_output/main-timing-2026-04-03_1.bp5 (267/401 valid samples, 161 scalars, 29 traces, 7 coordinates, 6 images, 196 timestamps)
[summary] Converted 1 file(s); skipped 0 existing file(s); failed 0 file(s).

Processing: /global/cfs/cdirs/m3239/2026_FES-AmSC/data/laser/2026-04-03/png-14086-2026-04-03.h5
[meta] Loaded PV metadata from /global/cfs/cdirs/m3239/2026_FES-AmSC/data/laser/documentation/DT peening laser PVs (updated).xlsx (201 PV entries)
[done] Wrote Laser BP5: /global/cfs/cdirs/m3239/2026_FES-AmSC/data/laser/bp_output/png-14086-2026-04-03.bp5 (114/10000 valid samples, 159 scalars, 29 traces, 7 coordinates, 4 images, 194 timestamps)
[summary] Converted 1 file(s); skipped 0 existing file(s); failed 0 file(s).

Processing: /global/cfs/cdirs/m3239/2026_FES-AmSC/data/laser/2026-04-03/png-14090-2026-04-03.h5
[meta] Loaded PV metadata from /global/cfs/cdirs/m3239/2026_FES-AmSC/data/laser/documentation/DT peening laser PVs (updated).xlsx (201 PV entries)
[done] Wrote Laser BP5: /global/cfs/cdirs/m3239/2026_FES-AmSC/data/laser/bp_output/png-14090-2026-04-03.bp5 (80/10000 valid samples, 159 scalars, 29 traces, 7 coordinates, 6 images, 194 timestamps)
[summary] Converted 1 file(s); skipped 0 existing file(s); failed 0 file(s).

Processing: /global/cfs/cdirs/m3239/2026_FES-AmSC/data/laser/2026-04-03/png-14092-2026-04-03.h5
[meta] Loaded PV metadata from /global/cfs/cdirs/m3239/2026_FES-AmSC/data/laser/documentation/DT peening laser PVs (updated).xlsx (201 PV entries)
[done] Wrote Laser BP5: /global/cfs/cdirs/m3239/2026_FES-AmSC/data/laser/bp_output/png-14092-2026-04-03.bp5 (254/10000 valid samples, 159 scalars, 29 traces, 7 coordinates, 4 images, 194 timestamps)
[summary] Converted 1 file(s); skipped 0 existing file(s); failed 0 file(s).

Processing: /global/cfs/cdirs/m3239/2026_FES-AmSC/data/laser/2026-04-03/png-14085-2026-04-03.h5
[meta] Loaded PV metadata from /global/cfs/cdirs/m3239/2026_FES-AmSC/data/laser/documentation/DT peening laser PVs (updated).xlsx (201 PV entries)
[done] Wrote Laser BP5: /global/cfs/cdirs/m3239/2026_FES-AmSC/data/laser/bp_output/png-14085-2026-04-03.bp5 (103/10000 valid samples, 159 scalars, 29 traces, 7 coordinates, 4 images, 194 timestamps)
[summary] Converted 1 file(s); skipped 0 existing file(s); failed 0 file(s).

Processing: /global/cfs/cdirs/m3239/2026_FES-AmSC/data/laser/2026-04-03/png-14084-2026-04-03.h5
[meta] Loaded PV metadata from /global/cfs/cdirs/m3239/2026_FES-AmSC/data/laser/documentation/DT peening laser PVs (updated).xlsx (201 PV entries)
[done] Wrote Laser BP5: /global/cfs/cdirs/m3239/2026_FES-AmSC/data/laser/bp_output/png-14084-2026-04-03.bp5 (627/10000 valid samples, 159 scalars, 29 traces, 7 coordinates, 4 images, 194 timestamps)
[summary] Converted 1 file(s); skipped 0 existing file(s); failed 0 file(s).

Processing: /global/cfs/cdirs/m3239/2026_FES-AmSC/data/laser/2026-04-03/png-14099-2026-04-03.h5
[meta] Loaded PV metadata from /global/cfs/cdirs/m3239/2026_FES-AmSC/data/laser/documentation/DT peening laser PVs (updated).xlsx (201 PV entries)
[done] Wrote Laser BP5: /global/cfs/cdirs/m3239/2026_FES-AmSC/data/laser/bp_output/png-14099-2026-04-03.bp5 (149/10000 valid samples, 159 scalars, 29 traces, 7 coordinates, 4 images, 194 timestamps)
[summary] Converted 1 file(s); skipped 0 existing file(s); failed 0 file(s).

Processing: /global/cfs/cdirs/m3239/2026_FES-AmSC/data/laser/2026-04-03/png-14091-2026-04-03.h5
[meta] Loaded PV metadata from /global/cfs/cdirs/m3239/2026_FES-AmSC/data/laser/documentation/DT peening laser PVs (updated).xlsx (201 PV entries)
[done] Wrote Laser BP5: /global/cfs/cdirs/m3239/2026_FES-AmSC/data/laser/bp_output/png-14091-2026-04-03.bp5 (18/10000 valid samples, 159 scalars, 29 traces, 7 coordinates, 6 images, 194 timestamps)
[summary] Converted 1 file(s); skipped 0 existing file(s); failed 0 file(s).

Processing: /global/cfs/cdirs/m3239/2026_FES-AmSC/data/laser/2026-04-03/png-14087-2026-04-03.h5
[meta] Loaded PV metadata from /global/cfs/cdirs/m3239/2026_FES-AmSC/data/laser/documentation/DT peening laser PVs (updated).xlsx (201 PV entries)
[done] Wrote Laser BP5: /global/cfs/cdirs/m3239/2026_FES-AmSC/data/laser/bp_output/png-14087-2026-04-03.bp5 (165/10000 valid samples, 159 scalars, 29 traces, 7 coordinates, 4 images, 194 timestamps)
[summary] Converted 1 file(s); skipped 0 existing file(s); failed 0 file(s).

Processing: /global/cfs/cdirs/m3239/2026_FES-AmSC/data/laser/2026-04-03/png-14098-2026-04-03.h5
[meta] Loaded PV metadata from /global/cfs/cdirs/m3239/2026_FES-AmSC/data/laser/documentation/DT peening laser PVs (updated).xlsx (201 PV entries)
[done] Wrote Laser BP5: /global/cfs/cdirs/m3239/2026_FES-AmSC/data/laser/bp_output/png-14098-2026-04-03.bp5 (133/10000 valid samples, 159 scalars, 29 traces, 7 coordinates, 4 images, 194 timestamps)
[summary] Converted 1 file(s); skipped 0 existing file(s); failed 0 file(s).

Processing: /global/cfs/cdirs/m3239/2026_FES-AmSC/data/laser/2026-04-03/png-14094-2026-04-03.h5
[meta] Loaded PV metadata from /global/cfs/cdirs/m3239/2026_FES-AmSC/data/laser/documentation/DT peening laser PVs (updated).xlsx (201 PV entries)
[done] Wrote Laser BP5: /global/cfs/cdirs/m3239/2026_FES-AmSC/data/laser/bp_output/png-14094-2026-04-03.bp5 (99/10000 valid samples, 159 scalars, 29 traces, 7 coordinates, 4 images, 194 timestamps)
[summary] Converted 1 file(s); skipped 0 existing file(s); failed 0 file(s).

Processing: /global/cfs/cdirs/m3239/2026_FES-AmSC/data/laser/2026-04-03/png-14089-2026-04-03.h5
[meta] Loaded PV metadata from /global/cfs/cdirs/m3239/2026_FES-AmSC/data/laser/documentation/DT peening laser PVs (updated).xlsx (201 PV entries)
[done] Wrote Laser BP5: /global/cfs/cdirs/m3239/2026_FES-AmSC/data/laser/bp_output/png-14089-2026-04-03.bp5 (10000/10000 valid samples, 159 scalars, 29 traces, 7 coordinates, 0 images, 194 timestamps)
[summary] Converted 1 file(s); skipped 0 existing file(s); failed 0 file(s).

Processing: /global/cfs/cdirs/m3239/2026_FES-AmSC/data/laser/2026-04-03/png-14096-2026-04-03.h5
[meta] Loaded PV metadata from /global/cfs/cdirs/m3239/2026_FES-AmSC/data/laser/documentation/DT peening laser PVs (updated).xlsx (201 PV entries)
[done] Wrote Laser BP5: /global/cfs/cdirs/m3239/2026_FES-AmSC/data/laser/bp_output/png-14096-2026-04-03.bp5 (23/10000 valid samples, 159 scalars, 29 traces, 7 coordinates, 6 images, 194 timestamps)
[summary] Converted 1 file(s); skipped 0 existing file(s); failed 0 file(s).

Processing: /global/cfs/cdirs/m3239/2026_FES-AmSC/data/laser/2026-04-03/png-14093-2026-04-03.h5
[meta] Loaded PV metadata from /global/cfs/cdirs/m3239/2026_FES-AmSC/data/laser/documentation/DT peening laser PVs (updated).xlsx (201 PV entries)
[done] Wrote Laser BP5: /global/cfs/cdirs/m3239/2026_FES-AmSC/data/laser/bp_output/png-14093-2026-04-03.bp5 (132/10000 valid samples, 159 scalars, 29 traces, 7 coordinates, 4 images, 194 timestamps)
[summary] Converted 1 file(s); skipped 0 existing file(s); failed 0 file(s).

Processing: /global/cfs/cdirs/m3239/2026_FES-AmSC/data/laser/2026-04-03/png-14100-2026-04-03.h5
[meta] Loaded PV metadata from /global/cfs/cdirs/m3239/2026_FES-AmSC/data/laser/documentation/DT peening laser PVs (updated).xlsx (201 PV entries)
[done] Wrote Laser BP5: /global/cfs/cdirs/m3239/2026_FES-AmSC/data/laser/bp_output/png-14100-2026-04-03.bp5 (73/10000 valid samples, 159 scalars, 29 traces, 7 coordinates, 6 images, 194 timestamps)
[summary] Converted 1 file(s); skipped 0 existing file(s); failed 0 file(s).

Processing: /global/cfs/cdirs/m3239/2026_FES-AmSC/data/laser/2026-04-03/png-14097-2026-04-03.h5
[meta] Loaded PV metadata from /global/cfs/cdirs/m3239/2026_FES-AmSC/data/laser/documentation/DT peening laser PVs (updated).xlsx (201 PV entries)
[done] Wrote Laser BP5: /global/cfs/cdirs/m3239/2026_FES-AmSC/data/laser/bp_output/png-14097-2026-04-03.bp5 (80/10000 valid samples, 159 scalars, 29 traces, 7 coordinates, 6 images, 194 timestamps)
[summary] Converted 1 file(s); skipped 0 existing file(s); failed 0 file(s).

Processing: /global/cfs/cdirs/m3239/2026_FES-AmSC/data/laser/2026-04-03/png-14095-2026-04-03.h5
[meta] Loaded PV metadata from /global/cfs/cdirs/m3239/2026_FES-AmSC/data/laser/documentation/DT peening laser PVs (updated).xlsx (201 PV entries)
[done] Wrote Laser BP5: /global/cfs/cdirs/m3239/2026_FES-AmSC/data/laser/bp_output/png-14095-2026-04-03.bp5 (10/10000 valid samples, 159 scalars, 29 traces, 7 coordinates, 6 images, 194 timestamps)
[summary] Converted 1 file(s); skipped 0 existing file(s); failed 0 file(s).

Processing: /global/cfs/cdirs/m3239/2026_FES-AmSC/data/laser/2026-04-03/png-14088-2026-04-03.h5
[meta] Loaded PV metadata from /global/cfs/cdirs/m3239/2026_FES-AmSC/data/laser/documentation/DT peening laser PVs (updated).xlsx (201 PV entries)
[done] Wrote Laser BP5: /global/cfs/cdirs/m3239/2026_FES-AmSC/data/laser/bp_output/png-14088-2026-04-03.bp5 (347/10000 valid samples, 159 scalars, 29 traces, 7 coordinates, 4 images, 194 timestamps)
[summary] Converted 1 file(s); skipped 0 existing file(s); failed 0 file(s).

Processing: /global/cfs/cdirs/m3239/2026_FES-AmSC/data/laser/2026-03-23/png-14025-2026-03-23.h5
[meta] Loaded PV metadata from /global/cfs/cdirs/m3239/2026_FES-AmSC/data/laser/documentation/DT peening laser PVs (updated).xlsx (201 PV entries)
[done] Wrote Laser BP5: /global/cfs/cdirs/m3239/2026_FES-AmSC/data/laser/bp_output/png-14025-2026-03-23.bp5 (2758/10000 valid samples, 158 scalars, 28 traces, 6 coordinates, 5 images, 191 timestamps)
[summary] Converted 1 file(s); skipped 0 existing file(s); failed 0 file(s).

Processing: /global/cfs/cdirs/m3239/2026_FES-AmSC/data/laser/2026-03-23/png-14022-2026-03-23.h5
[meta] Loaded PV metadata from /global/cfs/cdirs/m3239/2026_FES-AmSC/data/laser/documentation/DT peening laser PVs (updated).xlsx (201 PV entries)
[done] Wrote Laser BP5: /global/cfs/cdirs/m3239/2026_FES-AmSC/data/laser/bp_output/png-14022-2026-03-23.bp5 (8/10000 valid samples, 158 scalars, 28 traces, 6 coordinates, 5 images, 191 timestamps)
[summary] Converted 1 file(s); skipped 0 existing file(s); failed 0 file(s).

Processing: /global/cfs/cdirs/m3239/2026_FES-AmSC/data/laser/2026-03-23/png-14023-2026-03-23.h5
[meta] Loaded PV metadata from /global/cfs/cdirs/m3239/2026_FES-AmSC/data/laser/documentation/DT peening laser PVs (updated).xlsx (201 PV entries)
[done] Wrote Laser BP5: /global/cfs/cdirs/m3239/2026_FES-AmSC/data/laser/bp_output/png-14023-2026-03-23.bp5 (1402/10000 valid samples, 158 scalars, 28 traces, 6 coordinates, 5 images, 191 timestamps)
[summary] Converted 1 file(s); skipped 0 existing file(s); failed 0 file(s).

Processing: /global/cfs/cdirs/m3239/2026_FES-AmSC/data/laser/2026-03-23/png-14019-2026-03-23.h5
[meta] Loaded PV metadata from /global/cfs/cdirs/m3239/2026_FES-AmSC/data/laser/documentation/DT peening laser PVs (updated).xlsx (201 PV entries)
[done] Wrote Laser BP5: /global/cfs/cdirs/m3239/2026_FES-AmSC/data/laser/bp_output/png-14019-2026-03-23.bp5 (2375/10000 valid samples, 158 scalars, 28 traces, 6 coordinates, 5 images, 191 timestamps)
[summary] Converted 1 file(s); skipped 0 existing file(s); failed 0 file(s).

Processing: /global/cfs/cdirs/m3239/2026_FES-AmSC/data/laser/2026-03-23/png-14021-2026-03-23.h5
[meta] Loaded PV metadata from /global/cfs/cdirs/m3239/2026_FES-AmSC/data/laser/documentation/DT peening laser PVs (updated).xlsx (201 PV entries)
[done] Wrote Laser BP5: /global/cfs/cdirs/m3239/2026_FES-AmSC/data/laser/bp_output/png-14021-2026-03-23.bp5 (127/10000 valid samples, 158 scalars, 28 traces, 6 coordinates, 5 images, 191 timestamps)
[summary] Converted 1 file(s); skipped 0 existing file(s); failed 0 file(s).

Processing: /global/cfs/cdirs/m3239/2026_FES-AmSC/data/laser/2026-03-23/png-14020-2026-03-23.h5
[meta] Loaded PV metadata from /global/cfs/cdirs/m3239/2026_FES-AmSC/data/laser/documentation/DT peening laser PVs (updated).xlsx (201 PV entries)
[done] Wrote Laser BP5: /global/cfs/cdirs/m3239/2026_FES-AmSC/data/laser/bp_output/png-14020-2026-03-23.bp5 (907/10000 valid samples, 158 scalars, 28 traces, 6 coordinates, 5 images, 191 timestamps)
[summary] Converted 1 file(s); skipped 0 existing file(s); failed 0 file(s).

Processing: /global/cfs/cdirs/m3239/2026_FES-AmSC/data/laser/2026-03-23/png-14024-2026-03-23.h5
[meta] Loaded PV metadata from /global/cfs/cdirs/m3239/2026_FES-AmSC/data/laser/documentation/DT peening laser PVs (updated).xlsx (201 PV entries)
[done] Wrote Laser BP5: /global/cfs/cdirs/m3239/2026_FES-AmSC/data/laser/bp_output/png-14024-2026-03-23.bp5 (614/10000 valid samples, 158 scalars, 28 traces, 6 coordinates, 5 images, 191 timestamps)
[summary] Converted 1 file(s); skipped 0 existing file(s); failed 0 file(s).

Processing: /global/cfs/cdirs/m3239/2026_FES-AmSC/data/laser/2026-04-17/png-14157-2026-04-17.h5
[meta] Loaded PV metadata from /global/cfs/cdirs/m3239/2026_FES-AmSC/data/laser/documentation/DT peening laser PVs (updated).xlsx (201 PV entries)
[done] Wrote Laser BP5: /global/cfs/cdirs/m3239/2026_FES-AmSC/data/laser/bp_output/png-14157-2026-04-17.bp5 (20/10000 valid samples, 165 scalars, 29 traces, 7 coordinates, 7 images, 200 timestamps)
[summary] Converted 1 file(s); skipped 0 existing file(s); failed 0 file(s).

Processing: /global/cfs/cdirs/m3239/2026_FES-AmSC/data/laser/2026-04-17/png-14152-2026-04-17.h5
[meta] Loaded PV metadata from /global/cfs/cdirs/m3239/2026_FES-AmSC/data/laser/documentation/DT peening laser PVs (updated).xlsx (201 PV entries)
[done] Wrote Laser BP5: /global/cfs/cdirs/m3239/2026_FES-AmSC/data/laser/bp_output/png-14152-2026-04-17.bp5 (674/10000 valid samples, 165 scalars, 29 traces, 7 coordinates, 7 images, 200 timestamps)
[summary] Converted 1 file(s); skipped 0 existing file(s); failed 0 file(s).

Processing: /global/cfs/cdirs/m3239/2026_FES-AmSC/data/laser/2026-04-17/png-14154-2026-04-17.h5
[meta] Loaded PV metadata from /global/cfs/cdirs/m3239/2026_FES-AmSC/data/laser/documentation/DT peening laser PVs (updated).xlsx (201 PV entries)
[done] Wrote Laser BP5: /global/cfs/cdirs/m3239/2026_FES-AmSC/data/laser/bp_output/png-14154-2026-04-17.bp5 (306/10000 valid samples, 165 scalars, 29 traces, 7 coordinates, 7 images, 200 timestamps)
[summary] Converted 1 file(s); skipped 0 existing file(s); failed 0 file(s).

Processing: /global/cfs/cdirs/m3239/2026_FES-AmSC/data/laser/2026-04-17/png-14159-2026-04-17.h5
[meta] Loaded PV metadata from /global/cfs/cdirs/m3239/2026_FES-AmSC/data/laser/documentation/DT peening laser PVs (updated).xlsx (201 PV entries)
[done] Wrote Laser BP5: /global/cfs/cdirs/m3239/2026_FES-AmSC/data/laser/bp_output/png-14159-2026-04-17.bp5 (144/10000 valid samples, 165 scalars, 29 traces, 7 coordinates, 7 images, 200 timestamps)
[summary] Converted 1 file(s); skipped 0 existing file(s); failed 0 file(s).

Processing: /global/cfs/cdirs/m3239/2026_FES-AmSC/data/laser/2026-04-17/png-14156-2026-04-17.h5
[meta] Loaded PV metadata from /global/cfs/cdirs/m3239/2026_FES-AmSC/data/laser/documentation/DT peening laser PVs (updated).xlsx (201 PV entries)
[done] Wrote Laser BP5: /global/cfs/cdirs/m3239/2026_FES-AmSC/data/laser/bp_output/png-14156-2026-04-17.bp5 (13/10000 valid samples, 165 scalars, 29 traces, 7 coordinates, 7 images, 200 timestamps)
[summary] Converted 1 file(s); skipped 0 existing file(s); failed 0 file(s).

Processing: /global/cfs/cdirs/m3239/2026_FES-AmSC/data/laser/2026-04-17/png-14160-2026-04-17.h5
[meta] Loaded PV metadata from /global/cfs/cdirs/m3239/2026_FES-AmSC/data/laser/documentation/DT peening laser PVs (updated).xlsx (201 PV entries)
[done] Wrote Laser BP5: /global/cfs/cdirs/m3239/2026_FES-AmSC/data/laser/bp_output/png-14160-2026-04-17.bp5 (498/10000 valid samples, 165 scalars, 29 traces, 7 coordinates, 7 images, 200 timestamps)
[summary] Converted 1 file(s); skipped 0 existing file(s); failed 0 file(s).

Processing: /global/cfs/cdirs/m3239/2026_FES-AmSC/data/laser/2026-04-17/png-14158-2026-04-17.h5
[meta] Loaded PV metadata from /global/cfs/cdirs/m3239/2026_FES-AmSC/data/laser/documentation/DT peening laser PVs (updated).xlsx (201 PV entries)
[done] Wrote Laser BP5: /global/cfs/cdirs/m3239/2026_FES-AmSC/data/laser/bp_output/png-14158-2026-04-17.bp5 (477/10000 valid samples, 165 scalars, 29 traces, 7 coordinates, 7 images, 200 timestamps)
[summary] Converted 1 file(s); skipped 0 existing file(s); failed 0 file(s).

Processing: /global/cfs/cdirs/m3239/2026_FES-AmSC/data/laser/2026-04-17/png-14153-2026-04-17.h5
[meta] Loaded PV metadata from /global/cfs/cdirs/m3239/2026_FES-AmSC/data/laser/documentation/DT peening laser PVs (updated).xlsx (201 PV entries)
[done] Wrote Laser BP5: /global/cfs/cdirs/m3239/2026_FES-AmSC/data/laser/bp_output/png-14153-2026-04-17.bp5 (688/10000 valid samples, 165 scalars, 29 traces, 7 coordinates, 7 images, 200 timestamps)
[summary] Converted 1 file(s); skipped 0 existing file(s); failed 0 file(s).

Processing: /global/cfs/cdirs/m3239/2026_FES-AmSC/data/laser/2026-04-17/png-14155-2026-04-17.h5
[meta] Loaded PV metadata from /global/cfs/cdirs/m3239/2026_FES-AmSC/data/laser/documentation/DT peening laser PVs (updated).xlsx (201 PV entries)
[done] Wrote Laser BP5: /global/cfs/cdirs/m3239/2026_FES-AmSC/data/laser/bp_output/png-14155-2026-04-17.bp5 (142/10000 valid samples, 165 scalars, 29 traces, 7 coordinates, 7 images, 200 timestamps)
[summary] Converted 1 file(s); skipped 0 existing file(s); failed 0 file(s).

Processing: /global/cfs/cdirs/m3239/2026_FES-AmSC/data/laser/2026-05-30/alignment-14319-2026-05-30.h5
[meta] Loaded PV metadata from /global/cfs/cdirs/m3239/2026_FES-AmSC/data/laser/documentation/DT peening laser PVs (updated).xlsx (201 PV entries)
[done] Wrote Laser BP5: /global/cfs/cdirs/m3239/2026_FES-AmSC/data/laser/bp_output/alignment-14319-2026-05-30.bp5 (456/10000 valid samples, 174 scalars, 29 traces, 7 coordinates, 3 images, 208 timestamps)
[summary] Converted 1 file(s); skipped 0 existing file(s); failed 0 file(s).

Processing: /global/cfs/cdirs/m3239/2026_FES-AmSC/data/laser/2026-05-30/png-14327-2026-05-30.h5
[meta] Loaded PV metadata from /global/cfs/cdirs/m3239/2026_FES-AmSC/data/laser/documentation/DT peening laser PVs (updated).xlsx (201 PV entries)
[done] Wrote Laser BP5: /global/cfs/cdirs/m3239/2026_FES-AmSC/data/laser/bp_output/png-14327-2026-05-30.bp5 (993/10000 valid samples, 174 scalars, 29 traces, 7 coordinates, 3 images, 208 timestamps)
[summary] Converted 1 file(s); skipped 0 existing file(s); failed 0 file(s).

Processing: /global/cfs/cdirs/m3239/2026_FES-AmSC/data/laser/2026-05-30/alignment-14321-2026-05-30.h5
[meta] Loaded PV metadata from /global/cfs/cdirs/m3239/2026_FES-AmSC/data/laser/documentation/DT peening laser PVs (updated).xlsx (201 PV entries)
[done] Wrote Laser BP5: /global/cfs/cdirs/m3239/2026_FES-AmSC/data/laser/bp_output/alignment-14321-2026-05-30.bp5 (6/10000 valid samples, 174 scalars, 29 traces, 7 coordinates, 3 images, 208 timestamps)
[summary] Converted 1 file(s); skipped 0 existing file(s); failed 0 file(s).

Processing: /global/cfs/cdirs/m3239/2026_FES-AmSC/data/laser/2026-05-30/png-14325-2026-05-30.h5
[meta] Loaded PV metadata from /global/cfs/cdirs/m3239/2026_FES-AmSC/data/laser/documentation/DT peening laser PVs (updated).xlsx (201 PV entries)
[done] Wrote Laser BP5: /global/cfs/cdirs/m3239/2026_FES-AmSC/data/laser/bp_output/png-14325-2026-05-30.bp5 (24/10000 valid samples, 174 scalars, 29 traces, 7 coordinates, 3 images, 208 timestamps)
[summary] Converted 1 file(s); skipped 0 existing file(s); failed 0 file(s).

Processing: /global/cfs/cdirs/m3239/2026_FES-AmSC/data/laser/2026-05-30/alignment-14320-2026-05-30.h5
[meta] Loaded PV metadata from /global/cfs/cdirs/m3239/2026_FES-AmSC/data/laser/documentation/DT peening laser PVs (updated).xlsx (201 PV entries)
[done] Wrote Laser BP5: /global/cfs/cdirs/m3239/2026_FES-AmSC/data/laser/bp_output/alignment-14320-2026-05-30.bp5 (19/10000 valid samples, 174 scalars, 29 traces, 7 coordinates, 3 images, 208 timestamps)
[summary] Converted 1 file(s); skipped 0 existing file(s); failed 0 file(s).

Processing: /global/cfs/cdirs/m3239/2026_FES-AmSC/data/laser/2026-05-30/png-14323-2026-05-30.h5
[meta] Loaded PV metadata from /global/cfs/cdirs/m3239/2026_FES-AmSC/data/laser/documentation/DT peening laser PVs (updated).xlsx (201 PV entries)

Processing: /global/cfs/cdirs/m3239/2026_FES-AmSC/data/laser/2026-05-30/png-14322-2026-05-30.h5
[meta] Loaded PV metadata from /global/cfs/cdirs/m3239/2026_FES-AmSC/data/laser/documentation/DT peening laser PVs (updated).xlsx (201 PV entries)
[done] Wrote Laser BP5: /global/cfs/cdirs/m3239/2026_FES-AmSC/data/laser/bp_output/png-14322-2026-05-30.bp5 (1092/10000 valid samples, 174 scalars, 29 traces, 7 coordinates, 3 images, 208 timestamps)
[summary] Converted 1 file(s); skipped 0 existing file(s); failed 0 file(s).

Processing: /global/cfs/cdirs/m3239/2026_FES-AmSC/data/laser/2026-05-30/png-14328-2026-05-30.h5
[meta] Loaded PV metadata from /global/cfs/cdirs/m3239/2026_FES-AmSC/data/laser/documentation/DT peening laser PVs (updated).xlsx (201 PV entries)
[done] Wrote Laser BP5: /global/cfs/cdirs/m3239/2026_FES-AmSC/data/laser/bp_output/png-14328-2026-05-30.bp5 (1112/10000 valid samples, 174 scalars, 29 traces, 7 coordinates, 3 images, 208 timestamps)
[summary] Converted 1 file(s); skipped 0 existing file(s); failed 0 file(s).

Processing: /global/cfs/cdirs/m3239/2026_FES-AmSC/data/laser/2026-05-30/alignment-14324-2026-05-30.h5
[meta] Loaded PV metadata from /global/cfs/cdirs/m3239/2026_FES-AmSC/data/laser/documentation/DT peening laser PVs (updated).xlsx (201 PV entries)
[done] Wrote Laser BP5: /global/cfs/cdirs/m3239/2026_FES-AmSC/data/laser/bp_output/alignment-14324-2026-05-30.bp5 (1/10000 valid samples, 174 scalars, 29 traces, 7 coordinates, 3 images, 208 timestamps)
[summary] Converted 1 file(s); skipped 0 existing file(s); failed 0 file(s).

Processing: /global/cfs/cdirs/m3239/2026_FES-AmSC/data/laser/2026-05-30/png-14326-2026-05-30.h5
[meta] Loaded PV metadata from /global/cfs/cdirs/m3239/2026_FES-AmSC/data/laser/documentation/DT peening laser PVs (updated).xlsx (201 PV entries)
[done] Wrote Laser BP5: /global/cfs/cdirs/m3239/2026_FES-AmSC/data/laser/bp_output/png-14326-2026-05-30.bp5 (10000/10000 valid samples, 174 scalars, 29 traces, 7 coordinates, 0 images, 208 timestamps)
[summary] Converted 1 file(s); skipped 0 existing file(s); failed 0 file(s).

Processing: /global/cfs/cdirs/m3239/2026_FES-AmSC/data/laser/2026-04-22/png-14186-2026-04-22.h5
[meta] Loaded PV metadata from /global/cfs/cdirs/m3239/2026_FES-AmSC/data/laser/documentation/DT peening laser PVs (updated).xlsx (201 PV entries)
[done] Wrote Laser BP5: /global/cfs/cdirs/m3239/2026_FES-AmSC/data/laser/bp_output/png-14186-2026-04-22.bp5 (370/10000 valid samples, 165 scalars, 29 traces, 7 coordinates, 4 images, 200 timestamps)
[summary] Converted 1 file(s); skipped 0 existing file(s); failed 0 file(s).

Processing: /global/cfs/cdirs/m3239/2026_FES-AmSC/data/laser/2026-04-22/png-14192-2026-04-22.h5
[meta] Loaded PV metadata from /global/cfs/cdirs/m3239/2026_FES-AmSC/data/laser/documentation/DT peening laser PVs (updated).xlsx (201 PV entries)
[done] Wrote Laser BP5: /global/cfs/cdirs/m3239/2026_FES-AmSC/data/laser/bp_output/png-14192-2026-04-22.bp5 (447/10000 valid samples, 165 scalars, 29 traces, 7 coordinates, 5 images, 200 timestamps)
[summary] Converted 1 file(s); skipped 0 existing file(s); failed 0 file(s).

Processing: /global/cfs/cdirs/m3239/2026_FES-AmSC/data/laser/2026-04-22/png-14179-2026-04-22.h5
[meta] Loaded PV metadata from /global/cfs/cdirs/m3239/2026_FES-AmSC/data/laser/documentation/DT peening laser PVs (updated).xlsx (201 PV entries)
[done] Wrote Laser BP5: /global/cfs/cdirs/m3239/2026_FES-AmSC/data/laser/bp_output/png-14179-2026-04-22.bp5 (87/10000 valid samples, 165 scalars, 29 traces, 7 coordinates, 4 images, 200 timestamps)
[summary] Converted 1 file(s); skipped 0 existing file(s); failed 0 file(s).

Processing: /global/cfs/cdirs/m3239/2026_FES-AmSC/data/laser/2026-04-22/png-14177-2026-04-22.h5
[meta] Loaded PV metadata from /global/cfs/cdirs/m3239/2026_FES-AmSC/data/laser/documentation/DT peening laser PVs (updated).xlsx (201 PV entries)
[done] Wrote Laser BP5: /global/cfs/cdirs/m3239/2026_FES-AmSC/data/laser/bp_output/png-14177-2026-04-22.bp5 (169/10000 valid samples, 165 scalars, 29 traces, 7 coordinates, 5 images, 200 timestamps)
[summary] Converted 1 file(s); skipped 0 existing file(s); failed 0 file(s).

Processing: /global/cfs/cdirs/m3239/2026_FES-AmSC/data/laser/2026-04-22/png-14176-2026-04-22.h5
[meta] Loaded PV metadata from /global/cfs/cdirs/m3239/2026_FES-AmSC/data/laser/documentation/DT peening laser PVs (updated).xlsx (201 PV entries)
[done] Wrote Laser BP5: /global/cfs/cdirs/m3239/2026_FES-AmSC/data/laser/bp_output/png-14176-2026-04-22.bp5 (350/10000 valid samples, 165 scalars, 29 traces, 7 coordinates, 5 images, 200 timestamps)
[summary] Converted 1 file(s); skipped 0 existing file(s); failed 0 file(s).

Processing: /global/cfs/cdirs/m3239/2026_FES-AmSC/data/laser/2026-04-22/png-14182-2026-04-22.h5
[meta] Loaded PV metadata from /global/cfs/cdirs/m3239/2026_FES-AmSC/data/laser/documentation/DT peening laser PVs (updated).xlsx (201 PV entries)
[done] Wrote Laser BP5: /global/cfs/cdirs/m3239/2026_FES-AmSC/data/laser/bp_output/png-14182-2026-04-22.bp5 (202/10000 valid samples, 165 scalars, 29 traces, 7 coordinates, 5 images, 200 timestamps)
[summary] Converted 1 file(s); skipped 0 existing file(s); failed 0 file(s).

Processing: /global/cfs/cdirs/m3239/2026_FES-AmSC/data/laser/2026-04-22/png-14193-2026-04-22.h5
[meta] Loaded PV metadata from /global/cfs/cdirs/m3239/2026_FES-AmSC/data/laser/documentation/DT peening laser PVs (updated).xlsx (201 PV entries)
[done] Wrote Laser BP5: /global/cfs/cdirs/m3239/2026_FES-AmSC/data/laser/bp_output/png-14193-2026-04-22.bp5 (127/10000 valid samples, 165 scalars, 29 traces, 7 coordinates, 7 images, 200 timestamps)
[summary] Converted 1 file(s); skipped 0 existing file(s); failed 0 file(s).

Processing: /global/cfs/cdirs/m3239/2026_FES-AmSC/data/laser/2026-04-22/png-14187-2026-04-22.h5
[meta] Loaded PV metadata from /global/cfs/cdirs/m3239/2026_FES-AmSC/data/laser/documentation/DT peening laser PVs (updated).xlsx (201 PV entries)
[done] Wrote Laser BP5: /global/cfs/cdirs/m3239/2026_FES-AmSC/data/laser/bp_output/png-14187-2026-04-22.bp5 (349/10000 valid samples, 165 scalars, 29 traces, 7 coordinates, 5 images, 200 timestamps)
[summary] Converted 1 file(s); skipped 0 existing file(s); failed 0 file(s).

Processing: /global/cfs/cdirs/m3239/2026_FES-AmSC/data/laser/2026-04-22/png-14185-2026-04-22.h5
[meta] Loaded PV metadata from /global/cfs/cdirs/m3239/2026_FES-AmSC/data/laser/documentation/DT peening laser PVs (updated).xlsx (201 PV entries)
[done] Wrote Laser BP5: /global/cfs/cdirs/m3239/2026_FES-AmSC/data/laser/bp_output/png-14185-2026-04-22.bp5 (546/10000 valid samples, 165 scalars, 29 traces, 7 coordinates, 5 images, 200 timestamps)
[summary] Converted 1 file(s); skipped 0 existing file(s); failed 0 file(s).

Processing: /global/cfs/cdirs/m3239/2026_FES-AmSC/data/laser/2026-04-22/png-14178-2026-04-22.h5
[meta] Loaded PV metadata from /global/cfs/cdirs/m3239/2026_FES-AmSC/data/laser/documentation/DT peening laser PVs (updated).xlsx (201 PV entries)
[done] Wrote Laser BP5: /global/cfs/cdirs/m3239/2026_FES-AmSC/data/laser/bp_output/png-14178-2026-04-22.bp5 (415/10000 valid samples, 165 scalars, 29 traces, 7 coordinates, 5 images, 200 timestamps)
[summary] Converted 1 file(s); skipped 0 existing file(s); failed 0 file(s).

Processing: /global/cfs/cdirs/m3239/2026_FES-AmSC/data/laser/2026-04-22/png-14184-2026-04-22.h5
[meta] Loaded PV metadata from /global/cfs/cdirs/m3239/2026_FES-AmSC/data/laser/documentation/DT peening laser PVs (updated).xlsx (201 PV entries)
[done] Wrote Laser BP5: /global/cfs/cdirs/m3239/2026_FES-AmSC/data/laser/bp_output/png-14184-2026-04-22.bp5 (320/10000 valid samples, 165 scalars, 29 traces, 7 coordinates, 5 images, 200 timestamps)
[summary] Converted 1 file(s); skipped 0 existing file(s); failed 0 file(s).

Processing: /global/cfs/cdirs/m3239/2026_FES-AmSC/data/laser/2026-04-22/png-14189-2026-04-22.h5
[meta] Loaded PV metadata from /global/cfs/cdirs/m3239/2026_FES-AmSC/data/laser/documentation/DT peening laser PVs (updated).xlsx (201 PV entries)
[done] Wrote Laser BP5: /global/cfs/cdirs/m3239/2026_FES-AmSC/data/laser/bp_output/png-14189-2026-04-22.bp5 (518/10000 valid samples, 165 scalars, 29 traces, 7 coordinates, 4 images, 200 timestamps)
[summary] Converted 1 file(s); skipped 0 existing file(s); failed 0 file(s).

Processing: /global/cfs/cdirs/m3239/2026_FES-AmSC/data/laser/2026-04-22/png-14183-2026-04-22.h5
[meta] Loaded PV metadata from /global/cfs/cdirs/m3239/2026_FES-AmSC/data/laser/documentation/DT peening laser PVs (updated).xlsx (201 PV entries)

Processing: /global/cfs/cdirs/m3239/2026_FES-AmSC/data/laser/2026-04-22/png-14188-2026-04-22.h5
[meta] Loaded PV metadata from /global/cfs/cdirs/m3239/2026_FES-AmSC/data/laser/documentation/DT peening laser PVs (updated).xlsx (201 PV entries)
[done] Wrote Laser BP5: /global/cfs/cdirs/m3239/2026_FES-AmSC/data/laser/bp_output/png-14188-2026-04-22.bp5 (1069/10000 valid samples, 165 scalars, 29 traces, 7 coordinates, 4 images, 200 timestamps)
[summary] Converted 1 file(s); skipped 0 existing file(s); failed 0 file(s).

Processing: /global/cfs/cdirs/m3239/2026_FES-AmSC/data/laser/2026-04-22/png-14191-2026-04-22.h5
[meta] Loaded PV metadata from /global/cfs/cdirs/m3239/2026_FES-AmSC/data/laser/documentation/DT peening laser PVs (updated).xlsx (201 PV entries)
[done] Wrote Laser BP5: /global/cfs/cdirs/m3239/2026_FES-AmSC/data/laser/bp_output/png-14191-2026-04-22.bp5 (306/10000 valid samples, 165 scalars, 29 traces, 7 coordinates, 4 images, 200 timestamps)
[summary] Converted 1 file(s); skipped 0 existing file(s); failed 0 file(s).

Processing: /global/cfs/cdirs/m3239/2026_FES-AmSC/data/laser/2026-04-22/png-14181-2026-04-22.h5
[meta] Loaded PV metadata from /global/cfs/cdirs/m3239/2026_FES-AmSC/data/laser/documentation/DT peening laser PVs (updated).xlsx (201 PV entries)
[done] Wrote Laser BP5: /global/cfs/cdirs/m3239/2026_FES-AmSC/data/laser/bp_output/png-14181-2026-04-22.bp5 (452/10000 valid samples, 165 scalars, 29 traces, 7 coordinates, 4 images, 200 timestamps)
[summary] Converted 1 file(s); skipped 0 existing file(s); failed 0 file(s).

Processing: /global/cfs/cdirs/m3239/2026_FES-AmSC/data/laser/2026-04-22/png-14177-2026-04-22_1.h5
[meta] Loaded PV metadata from /global/cfs/cdirs/m3239/2026_FES-AmSC/data/laser/documentation/DT peening laser PVs (updated).xlsx (201 PV entries)

Processing: /global/cfs/cdirs/m3239/2026_FES-AmSC/data/laser/2026-04-22/png-14190-2026-04-22.h5
[meta] Loaded PV metadata from /global/cfs/cdirs/m3239/2026_FES-AmSC/data/laser/documentation/DT peening laser PVs (updated).xlsx (201 PV entries)
[done] Wrote Laser BP5: /global/cfs/cdirs/m3239/2026_FES-AmSC/data/laser/bp_output/png-14190-2026-04-22.bp5 (375/10000 valid samples, 165 scalars, 29 traces, 7 coordinates, 5 images, 200 timestamps)
[summary] Converted 1 file(s); skipped 0 existing file(s); failed 0 file(s).

Processing: /global/cfs/cdirs/m3239/2026_FES-AmSC/data/laser/2026-04-22/png-14180-2026-04-22.h5
[meta] Loaded PV metadata from /global/cfs/cdirs/m3239/2026_FES-AmSC/data/laser/documentation/DT peening laser PVs (updated).xlsx (201 PV entries)
[done] Wrote Laser BP5: /global/cfs/cdirs/m3239/2026_FES-AmSC/data/laser/bp_output/png-14180-2026-04-22.bp5 (3/10000 valid samples, 165 scalars, 29 traces, 7 coordinates, 4 images, 200 timestamps)
[summary] Converted 1 file(s); skipped 0 existing file(s); failed 0 file(s).

Processing: /global/cfs/cdirs/m3239/2026_FES-AmSC/data/laser/2026-03-11/png-13994-2026-03-11.h5
[meta] Loaded PV metadata from /global/cfs/cdirs/m3239/2026_FES-AmSC/data/laser/documentation/DT peening laser PVs (updated).xlsx (201 PV entries)
[done] Wrote Laser BP5: /global/cfs/cdirs/m3239/2026_FES-AmSC/data/laser/bp_output/png-13994-2026-03-11.bp5 (36/10000 valid samples, 158 scalars, 28 traces, 6 coordinates, 5 images, 191 timestamps)
[summary] Converted 1 file(s); skipped 0 existing file(s); failed 0 file(s).

Processing: /global/cfs/cdirs/m3239/2026_FES-AmSC/data/laser/2026-03-11/png-13990-2026-03-11.h5
[meta] Loaded PV metadata from /global/cfs/cdirs/m3239/2026_FES-AmSC/data/laser/documentation/DT peening laser PVs (updated).xlsx (201 PV entries)
[done] Wrote Laser BP5: /global/cfs/cdirs/m3239/2026_FES-AmSC/data/laser/bp_output/png-13990-2026-03-11.bp5 (1783/10000 valid samples, 158 scalars, 28 traces, 6 coordinates, 5 images, 191 timestamps)
[summary] Converted 1 file(s); skipped 0 existing file(s); failed 0 file(s).

Processing: /global/cfs/cdirs/m3239/2026_FES-AmSC/data/laser/2026-03-11/png-13993-2026-03-11.h5
[meta] Loaded PV metadata from /global/cfs/cdirs/m3239/2026_FES-AmSC/data/laser/documentation/DT peening laser PVs (updated).xlsx (201 PV entries)
[done] Wrote Laser BP5: /global/cfs/cdirs/m3239/2026_FES-AmSC/data/laser/bp_output/png-13993-2026-03-11.bp5 (3204/10000 valid samples, 158 scalars, 28 traces, 6 coordinates, 5 images, 191 timestamps)
[summary] Converted 1 file(s); skipped 0 existing file(s); failed 0 file(s).

Processing: /global/cfs/cdirs/m3239/2026_FES-AmSC/data/laser/2026-03-11/png-13987-2026-03-11.h5
[meta] Loaded PV metadata from /global/cfs/cdirs/m3239/2026_FES-AmSC/data/laser/documentation/DT peening laser PVs (updated).xlsx (201 PV entries)
[done] Wrote Laser BP5: /global/cfs/cdirs/m3239/2026_FES-AmSC/data/laser/bp_output/png-13987-2026-03-11.bp5 (645/10000 valid samples, 158 scalars, 28 traces, 6 coordinates, 4 images, 191 timestamps)
[summary] Converted 1 file(s); skipped 0 existing file(s); failed 0 file(s).

Processing: /global/cfs/cdirs/m3239/2026_FES-AmSC/data/laser/2026-03-11/png-13991-2026-03-11.h5
[meta] Loaded PV metadata from /global/cfs/cdirs/m3239/2026_FES-AmSC/data/laser/documentation/DT peening laser PVs (updated).xlsx (201 PV entries)
[done] Wrote Laser BP5: /global/cfs/cdirs/m3239/2026_FES-AmSC/data/laser/bp_output/png-13991-2026-03-11.bp5 (4066/10000 valid samples, 158 scalars, 28 traces, 6 coordinates, 4 images, 191 timestamps)
[summary] Converted 1 file(s); skipped 0 existing file(s); failed 0 file(s).

Processing: /global/cfs/cdirs/m3239/2026_FES-AmSC/data/laser/2026-03-11/png-13995-2026-03-11.h5
[meta] Loaded PV metadata from /global/cfs/cdirs/m3239/2026_FES-AmSC/data/laser/documentation/DT peening laser PVs (updated).xlsx (201 PV entries)
[done] Wrote Laser BP5: /global/cfs/cdirs/m3239/2026_FES-AmSC/data/laser/bp_output/png-13995-2026-03-11.bp5 (41/10000 valid samples, 158 scalars, 28 traces, 6 coordinates, 5 images, 191 timestamps)
[summary] Converted 1 file(s); skipped 0 existing file(s); failed 0 file(s).

Processing: /global/cfs/cdirs/m3239/2026_FES-AmSC/data/laser/2026-03-11/png-13989-2026-03-11.h5
[meta] Loaded PV metadata from /global/cfs/cdirs/m3239/2026_FES-AmSC/data/laser/documentation/DT peening laser PVs (updated).xlsx (201 PV entries)
[done] Wrote Laser BP5: /global/cfs/cdirs/m3239/2026_FES-AmSC/data/laser/bp_output/png-13989-2026-03-11.bp5 (1562/10000 valid samples, 158 scalars, 28 traces, 6 coordinates, 5 images, 191 timestamps)
[summary] Converted 1 file(s); skipped 0 existing file(s); failed 0 file(s).

Processing: /global/cfs/cdirs/m3239/2026_FES-AmSC/data/laser/2026-03-11/png-13997-2026-03-11.h5
[meta] Loaded PV metadata from /global/cfs/cdirs/m3239/2026_FES-AmSC/data/laser/documentation/DT peening laser PVs (updated).xlsx (201 PV entries)
[done] Wrote Laser BP5: /global/cfs/cdirs/m3239/2026_FES-AmSC/data/laser/bp_output/png-13997-2026-03-11.bp5 (626/10000 valid samples, 158 scalars, 28 traces, 6 coordinates, 5 images, 191 timestamps)
[summary] Converted 1 file(s); skipped 0 existing file(s); failed 0 file(s).

Processing: /global/cfs/cdirs/m3239/2026_FES-AmSC/data/laser/2026-03-11/png-13988-2026-03-11.h5
[meta] Loaded PV metadata from /global/cfs/cdirs/m3239/2026_FES-AmSC/data/laser/documentation/DT peening laser PVs (updated).xlsx (201 PV entries)
[done] Wrote Laser BP5: /global/cfs/cdirs/m3239/2026_FES-AmSC/data/laser/bp_output/png-13988-2026-03-11.bp5 (22/10000 valid samples, 158 scalars, 28 traces, 6 coordinates, 3 images, 191 timestamps)
[summary] Converted 1 file(s); skipped 0 existing file(s); failed 0 file(s).

Processing: /global/cfs/cdirs/m3239/2026_FES-AmSC/data/laser/2026-03-11/png-13996-2026-03-11.h5
[meta] Loaded PV metadata from /global/cfs/cdirs/m3239/2026_FES-AmSC/data/laser/documentation/DT peening laser PVs (updated).xlsx (201 PV entries)
[done] Wrote Laser BP5: /global/cfs/cdirs/m3239/2026_FES-AmSC/data/laser/bp_output/png-13996-2026-03-11.bp5 (871/10000 valid samples, 158 scalars, 28 traces, 6 coordinates, 5 images, 191 timestamps)
[summary] Converted 1 file(s); skipped 0 existing file(s); failed 0 file(s).

Processing: /global/cfs/cdirs/m3239/2026_FES-AmSC/data/laser/2026-03-11/png-13992-2026-03-11.h5
[meta] Loaded PV metadata from /global/cfs/cdirs/m3239/2026_FES-AmSC/data/laser/documentation/DT peening laser PVs (updated).xlsx (201 PV entries)
[done] Wrote Laser BP5: /global/cfs/cdirs/m3239/2026_FES-AmSC/data/laser/bp_output/png-13992-2026-03-11.bp5 (604/10000 valid samples, 158 scalars, 28 traces, 6 coordinates, 5 images, 191 timestamps)
[summary] Converted 1 file(s); skipped 0 existing file(s); failed 0 file(s).

Processing: /global/cfs/cdirs/m3239/2026_FES-AmSC/data/laser/2026-03-11/png-13998-2026-03-11.h5
[meta] Loaded PV metadata from /global/cfs/cdirs/m3239/2026_FES-AmSC/data/laser/documentation/DT peening laser PVs (updated).xlsx (201 PV entries)
[done] Wrote Laser BP5: /global/cfs/cdirs/m3239/2026_FES-AmSC/data/laser/bp_output/png-13998-2026-03-11.bp5 (10000/10000 valid samples, 158 scalars, 28 traces, 6 coordinates, 0 images, 191 timestamps)
[summary] Converted 1 file(s); skipped 0 existing file(s); failed 0 file(s).

Processing: /global/cfs/cdirs/m3239/2026_FES-AmSC/data/laser/2026-03-25/png-14030-2026-03-25.h5
[meta] Loaded PV metadata from /global/cfs/cdirs/m3239/2026_FES-AmSC/data/laser/documentation/DT peening laser PVs (updated).xlsx (201 PV entries)
[done] Wrote Laser BP5: /global/cfs/cdirs/m3239/2026_FES-AmSC/data/laser/bp_output/png-14030-2026-03-25.bp5 (49/10000 valid samples, 150 scalars, 24 traces, 5 coordinates, 6 images, 178 timestamps)
[summary] Converted 1 file(s); skipped 0 existing file(s); failed 0 file(s).

Processing: /global/cfs/cdirs/m3239/2026_FES-AmSC/data/laser/2026-03-25/png-14031-2026-03-25.h5
[meta] Loaded PV metadata from /global/cfs/cdirs/m3239/2026_FES-AmSC/data/laser/documentation/DT peening laser PVs (updated).xlsx (201 PV entries)
[done] Wrote Laser BP5: /global/cfs/cdirs/m3239/2026_FES-AmSC/data/laser/bp_output/png-14031-2026-03-25.bp5 (2655/10000 valid samples, 150 scalars, 24 traces, 5 coordinates, 6 images, 178 timestamps)
[summary] Converted 1 file(s); skipped 0 existing file(s); failed 0 file(s).

Processing: /global/cfs/cdirs/m3239/2026_FES-AmSC/data/laser/2026-03-25/png-14027-2026-03-25.h5
[meta] Loaded PV metadata from /global/cfs/cdirs/m3239/2026_FES-AmSC/data/laser/documentation/DT peening laser PVs (updated).xlsx (201 PV entries)
[done] Wrote Laser BP5: /global/cfs/cdirs/m3239/2026_FES-AmSC/data/laser/bp_output/png-14027-2026-03-25.bp5 (1030/10000 valid samples, 158 scalars, 28 traces, 6 coordinates, 5 images, 191 timestamps)
[summary] Converted 1 file(s); skipped 0 existing file(s); failed 0 file(s).

Processing: /global/cfs/cdirs/m3239/2026_FES-AmSC/data/laser/2026-03-25/png-14029-2026-03-25.h5
[meta] Loaded PV metadata from /global/cfs/cdirs/m3239/2026_FES-AmSC/data/laser/documentation/DT peening laser PVs (updated).xlsx (201 PV entries)
[done] Wrote Laser BP5: /global/cfs/cdirs/m3239/2026_FES-AmSC/data/laser/bp_output/png-14029-2026-03-25.bp5 (93/10000 valid samples, 150 scalars, 24 traces, 5 coordinates, 3 images, 178 timestamps)
[summary] Converted 1 file(s); skipped 0 existing file(s); failed 0 file(s).

Processing: /global/cfs/cdirs/m3239/2026_FES-AmSC/data/laser/2026-03-25/png-14028-2026-03-25.h5
[meta] Loaded PV metadata from /global/cfs/cdirs/m3239/2026_FES-AmSC/data/laser/documentation/DT peening laser PVs (updated).xlsx (201 PV entries)
[done] Wrote Laser BP5: /global/cfs/cdirs/m3239/2026_FES-AmSC/data/laser/bp_output/png-14028-2026-03-25.bp5 (167/10000 valid samples, 150 scalars, 24 traces, 5 coordinates, 2 images, 178 timestamps)
[summary] Converted 1 file(s); skipped 0 existing file(s); failed 0 file(s).

Processing: /global/cfs/cdirs/m3239/2026_FES-AmSC/data/laser/2026-03-25/png-14026-2026-03-25.h5
[meta] Loaded PV metadata from /global/cfs/cdirs/m3239/2026_FES-AmSC/data/laser/documentation/DT peening laser PVs (updated).xlsx (201 PV entries)
[done] Wrote Laser BP5: /global/cfs/cdirs/m3239/2026_FES-AmSC/data/laser/bp_output/png-14026-2026-03-25.bp5 (2754/10000 valid samples, 158 scalars, 28 traces, 6 coordinates, 5 images, 191 timestamps)
[summary] Converted 1 file(s); skipped 0 existing file(s); failed 0 file(s).

Processing: /global/cfs/cdirs/m3239/2026_FES-AmSC/data/laser/2026-06-06/alignment-14375-2026-06-06.h5
[meta] Loaded PV metadata from /global/cfs/cdirs/m3239/2026_FES-AmSC/data/laser/documentation/DT peening laser PVs (updated).xlsx (201 PV entries)
[done] Wrote Laser BP5: /global/cfs/cdirs/m3239/2026_FES-AmSC/data/laser/bp_output/alignment-14375-2026-06-06.bp5 (2/10000 valid samples, 174 scalars, 29 traces, 7 coordinates, 2 images, 208 timestamps)
[summary] Converted 1 file(s); skipped 0 existing file(s); failed 0 file(s).

Processing: /global/cfs/cdirs/m3239/2026_FES-AmSC/data/laser/2026-06-06/alignment-14376-2026-06-06.h5
[meta] Loaded PV metadata from /global/cfs/cdirs/m3239/2026_FES-AmSC/data/laser/documentation/DT peening laser PVs (updated).xlsx (201 PV entries)
[done] Wrote Laser BP5: /global/cfs/cdirs/m3239/2026_FES-AmSC/data/laser/bp_output/alignment-14376-2026-06-06.bp5 (174/10000 valid samples, 174 scalars, 29 traces, 7 coordinates, 3 images, 208 timestamps)
[summary] Converted 1 file(s); skipped 0 existing file(s); failed 0 file(s).

Processing: /global/cfs/cdirs/m3239/2026_FES-AmSC/data/laser/2026-06-06/alignment-14374-2026-06-06.h5
[meta] Loaded PV metadata from /global/cfs/cdirs/m3239/2026_FES-AmSC/data/laser/documentation/DT peening laser PVs (updated).xlsx (201 PV entries)
[done] Wrote Laser BP5: /global/cfs/cdirs/m3239/2026_FES-AmSC/data/laser/bp_output/alignment-14374-2026-06-06.bp5 (3764/10000 valid samples, 174 scalars, 29 traces, 7 coordinates, 3 images, 208 timestamps)
[summary] Converted 1 file(s); skipped 0 existing file(s); failed 0 file(s).

Processing: /global/cfs/cdirs/m3239/2026_FES-AmSC/data/laser/2026-04-24/png-14210-2026-04-24.h5
[meta] Loaded PV metadata from /global/cfs/cdirs/m3239/2026_FES-AmSC/data/laser/documentation/DT peening laser PVs (updated).xlsx (201 PV entries)
[done] Wrote Laser BP5: /global/cfs/cdirs/m3239/2026_FES-AmSC/data/laser/bp_output/png-14210-2026-04-24.bp5 (875/10000 valid samples, 163 scalars, 29 traces, 7 coordinates, 0 images, 198 timestamps)
[summary] Converted 1 file(s); skipped 0 existing file(s); failed 0 file(s).

Processing: /global/cfs/cdirs/m3239/2026_FES-AmSC/data/laser/2026-04-24/png-14208-2026-04-24.h5
[meta] Loaded PV metadata from /global/cfs/cdirs/m3239/2026_FES-AmSC/data/laser/documentation/DT peening laser PVs (updated).xlsx (201 PV entries)
[done] Wrote Laser BP5: /global/cfs/cdirs/m3239/2026_FES-AmSC/data/laser/bp_output/png-14208-2026-04-24.bp5 (1095/10000 valid samples, 165 scalars, 29 traces, 7 coordinates, 4 images, 200 timestamps)
[summary] Converted 1 file(s); skipped 0 existing file(s); failed 0 file(s).

Processing: /global/cfs/cdirs/m3239/2026_FES-AmSC/data/laser/2026-04-24/png-14209-2026-04-24.h5
[meta] Loaded PV metadata from /global/cfs/cdirs/m3239/2026_FES-AmSC/data/laser/documentation/DT peening laser PVs (updated).xlsx (201 PV entries)
[done] Wrote Laser BP5: /global/cfs/cdirs/m3239/2026_FES-AmSC/data/laser/bp_output/png-14209-2026-04-24.bp5 (10/10000 valid samples, 165 scalars, 29 traces, 7 coordinates, 4 images, 200 timestamps)
[summary] Converted 1 file(s); skipped 0 existing file(s); failed 0 file(s).

Processing: /global/cfs/cdirs/m3239/2026_FES-AmSC/data/laser/older_data/etalon-scan-2026-02-06.h5
[skip] Output already exists: /global/cfs/cdirs/m3239/2026_FES-AmSC/data/laser/bp_output/etalon-scan-2026-02-06.bp5
[summary] Converted 0 file(s); skipped 1 existing file(s); failed 0 file(s).

Processing: /global/cfs/cdirs/m3239/2026_FES-AmSC/data/laser/2026-03-10/png-13982-2026-03-10.h5
[meta] Loaded PV metadata from /global/cfs/cdirs/m3239/2026_FES-AmSC/data/laser/documentation/DT peening laser PVs (updated).xlsx (201 PV entries)
[done] Wrote Laser BP5: /global/cfs/cdirs/m3239/2026_FES-AmSC/data/laser/bp_output/png-13982-2026-03-10.bp5 (1221/10000 valid samples, 158 scalars, 28 traces, 6 coordinates, 5 images, 191 timestamps)
[summary] Converted 1 file(s); skipped 0 existing file(s); failed 0 file(s).

Processing: /global/cfs/cdirs/m3239/2026_FES-AmSC/data/laser/2026-03-10/png-13983-2026-03-10.h5
[meta] Loaded PV metadata from /global/cfs/cdirs/m3239/2026_FES-AmSC/data/laser/documentation/DT peening laser PVs (updated).xlsx (201 PV entries)
[done] Wrote Laser BP5: /global/cfs/cdirs/m3239/2026_FES-AmSC/data/laser/bp_output/png-13983-2026-03-10.bp5 (265/10000 valid samples, 158 scalars, 28 traces, 6 coordinates, 5 images, 191 timestamps)
[summary] Converted 1 file(s); skipped 0 existing file(s); failed 0 file(s).

Processing: /global/cfs/cdirs/m3239/2026_FES-AmSC/data/laser/2026-03-10/png-13986-2026-03-10.h5
[meta] Loaded PV metadata from /global/cfs/cdirs/m3239/2026_FES-AmSC/data/laser/documentation/DT peening laser PVs (updated).xlsx (201 PV entries)
[done] Wrote Laser BP5: /global/cfs/cdirs/m3239/2026_FES-AmSC/data/laser/bp_output/png-13986-2026-03-10.bp5 (2915/10000 valid samples, 158 scalars, 28 traces, 6 coordinates, 5 images, 191 timestamps)
[summary] Converted 1 file(s); skipped 0 existing file(s); failed 0 file(s).

Processing: /global/cfs/cdirs/m3239/2026_FES-AmSC/data/laser/2026-03-10/png-13985-2026-03-10.h5
[meta] Loaded PV metadata from /global/cfs/cdirs/m3239/2026_FES-AmSC/data/laser/documentation/DT peening laser PVs (updated).xlsx (201 PV entries)
[done] Wrote Laser BP5: /global/cfs/cdirs/m3239/2026_FES-AmSC/data/laser/bp_output/png-13985-2026-03-10.bp5 (587/10000 valid samples, 158 scalars, 28 traces, 6 coordinates, 5 images, 191 timestamps)
[summary] Converted 1 file(s); skipped 0 existing file(s); failed 0 file(s).

Processing: /global/cfs/cdirs/m3239/2026_FES-AmSC/data/laser/2026-03-10/png-13984-2026-03-10.h5
[meta] Loaded PV metadata from /global/cfs/cdirs/m3239/2026_FES-AmSC/data/laser/documentation/DT peening laser PVs (updated).xlsx (201 PV entries)
[done] Wrote Laser BP5: /global/cfs/cdirs/m3239/2026_FES-AmSC/data/laser/bp_output/png-13984-2026-03-10.bp5 (729/10000 valid samples, 158 scalars, 28 traces, 6 coordinates, 5 images, 191 timestamps)
[summary] Converted 1 file(s); skipped 0 existing file(s); failed 0 file(s).

Processing: /global/cfs/cdirs/m3239/2026_FES-AmSC/data/laser/2026-04-08/png-14109-2026-04-08.h5
[meta] Loaded PV metadata from /global/cfs/cdirs/m3239/2026_FES-AmSC/data/laser/documentation/DT peening laser PVs (updated).xlsx (201 PV entries)
[done] Wrote Laser BP5: /global/cfs/cdirs/m3239/2026_FES-AmSC/data/laser/bp_output/png-14109-2026-04-08.bp5 (492/10000 valid samples, 165 scalars, 29 traces, 7 coordinates, 7 images, 200 timestamps)
[summary] Converted 1 file(s); skipped 0 existing file(s); failed 0 file(s).

Processing: /global/cfs/cdirs/m3239/2026_FES-AmSC/data/laser/2026-04-08/png-14107-2026-04-08.h5
[meta] Loaded PV metadata from /global/cfs/cdirs/m3239/2026_FES-AmSC/data/laser/documentation/DT peening laser PVs (updated).xlsx (201 PV entries)
[done] Wrote Laser BP5: /global/cfs/cdirs/m3239/2026_FES-AmSC/data/laser/bp_output/png-14107-2026-04-08.bp5 (4413/10000 valid samples, 165 scalars, 29 traces, 7 coordinates, 5 images, 200 timestamps)
[summary] Converted 1 file(s); skipped 0 existing file(s); failed 0 file(s).

Processing: /global/cfs/cdirs/m3239/2026_FES-AmSC/data/laser/2026-04-08/png-14108-2026-04-08.h5
[meta] Loaded PV metadata from /global/cfs/cdirs/m3239/2026_FES-AmSC/data/laser/documentation/DT peening laser PVs (updated).xlsx (201 PV entries)
[done] Wrote Laser BP5: /global/cfs/cdirs/m3239/2026_FES-AmSC/data/laser/bp_output/png-14108-2026-04-08.bp5 (2816/10000 valid samples, 165 scalars, 29 traces, 7 coordinates, 4 images, 200 timestamps)
[summary] Converted 1 file(s); skipped 0 existing file(s); failed 0 file(s).

Processing: /global/cfs/cdirs/m3239/2026_FES-AmSC/data/laser/2026-04-15/png-14140-2026-04-15.h5
[meta] Loaded PV metadata from /global/cfs/cdirs/m3239/2026_FES-AmSC/data/laser/documentation/DT peening laser PVs (updated).xlsx (201 PV entries)
[done] Wrote Laser BP5: /global/cfs/cdirs/m3239/2026_FES-AmSC/data/laser/bp_output/png-14140-2026-04-15.bp5 (329/10000 valid samples, 165 scalars, 29 traces, 7 coordinates, 0 images, 200 timestamps)
[summary] Converted 1 file(s); skipped 0 existing file(s); failed 0 file(s).

Processing: /global/cfs/cdirs/m3239/2026_FES-AmSC/data/laser/2026-04-15/png-14138-2026-04-15.h5
[meta] Loaded PV metadata from /global/cfs/cdirs/m3239/2026_FES-AmSC/data/laser/documentation/DT peening laser PVs (updated).xlsx (201 PV entries)
[done] Wrote Laser BP5: /global/cfs/cdirs/m3239/2026_FES-AmSC/data/laser/bp_output/png-14138-2026-04-15.bp5 (554/10000 valid samples, 165 scalars, 29 traces, 7 coordinates, 0 images, 200 timestamps)
[summary] Converted 1 file(s); skipped 0 existing file(s); failed 0 file(s).

Processing: /global/cfs/cdirs/m3239/2026_FES-AmSC/data/laser/2026-04-15/png-14142-2026-04-15.h5
[meta] Loaded PV metadata from /global/cfs/cdirs/m3239/2026_FES-AmSC/data/laser/documentation/DT peening laser PVs (updated).xlsx (201 PV entries)
[done] Wrote Laser BP5: /global/cfs/cdirs/m3239/2026_FES-AmSC/data/laser/bp_output/png-14142-2026-04-15.bp5 (2482/10000 valid samples, 165 scalars, 29 traces, 7 coordinates, 0 images, 200 timestamps)
[summary] Converted 1 file(s); skipped 0 existing file(s); failed 0 file(s).

Processing: /global/cfs/cdirs/m3239/2026_FES-AmSC/data/laser/2026-04-15/png-14139-2026-04-15_1.h5
[meta] Loaded PV metadata from /global/cfs/cdirs/m3239/2026_FES-AmSC/data/laser/documentation/DT peening laser PVs (updated).xlsx (201 PV entries)

Processing: /global/cfs/cdirs/m3239/2026_FES-AmSC/data/laser/2026-04-15/png-14141-2026-04-15.h5
[meta] Loaded PV metadata from /global/cfs/cdirs/m3239/2026_FES-AmSC/data/laser/documentation/DT peening laser PVs (updated).xlsx (201 PV entries)
[done] Wrote Laser BP5: /global/cfs/cdirs/m3239/2026_FES-AmSC/data/laser/bp_output/png-14141-2026-04-15.bp5 (64/10000 valid samples, 165 scalars, 29 traces, 7 coordinates, 0 images, 200 timestamps)
[summary] Converted 1 file(s); skipped 0 existing file(s); failed 0 file(s).

Processing: /global/cfs/cdirs/m3239/2026_FES-AmSC/data/laser/2026-04-15/png-14139-2026-04-15.h5
[meta] Loaded PV metadata from /global/cfs/cdirs/m3239/2026_FES-AmSC/data/laser/documentation/DT peening laser PVs (updated).xlsx (201 PV entries)
[done] Wrote Laser BP5: /global/cfs/cdirs/m3239/2026_FES-AmSC/data/laser/bp_output/png-14139-2026-04-15.bp5 (1811/10000 valid samples, 165 scalars, 29 traces, 7 coordinates, 0 images, 200 timestamps)
[summary] Converted 1 file(s); skipped 0 existing file(s); failed 0 file(s).

Processing: /global/cfs/cdirs/m3239/2026_FES-AmSC/data/laser/2026-05-26/alignment-14291-2026-05-26.h5
[meta] Loaded PV metadata from /global/cfs/cdirs/m3239/2026_FES-AmSC/data/laser/documentation/DT peening laser PVs (updated).xlsx (201 PV entries)
[done] Wrote Laser BP5: /global/cfs/cdirs/m3239/2026_FES-AmSC/data/laser/bp_output/alignment-14291-2026-05-26.bp5 (1238/10000 valid samples, 174 scalars, 29 traces, 7 coordinates, 3 images, 208 timestamps)
[summary] Converted 1 file(s); skipped 0 existing file(s); failed 0 file(s).

Processing: /global/cfs/cdirs/m3239/2026_FES-AmSC/data/laser/2026-05-26/alignment-14292-2026-05-26.h5
[meta] Loaded PV metadata from /global/cfs/cdirs/m3239/2026_FES-AmSC/data/laser/documentation/DT peening laser PVs (updated).xlsx (201 PV entries)
[done] Wrote Laser BP5: /global/cfs/cdirs/m3239/2026_FES-AmSC/data/laser/bp_output/alignment-14292-2026-05-26.bp5 (58/10000 valid samples, 174 scalars, 29 traces, 7 coordinates, 3 images, 208 timestamps)
[summary] Converted 1 file(s); skipped 0 existing file(s); failed 0 file(s).

Processing: /global/cfs/cdirs/m3239/2026_FES-AmSC/data/laser/2026-06-07/png-14383-2026-06-07.h5
[meta] Loaded PV metadata from /global/cfs/cdirs/m3239/2026_FES-AmSC/data/laser/documentation/DT peening laser PVs (updated).xlsx (201 PV entries)
[done] Wrote Laser BP5: /global/cfs/cdirs/m3239/2026_FES-AmSC/data/laser/bp_output/png-14383-2026-06-07.bp5 (1001/10000 valid samples, 174 scalars, 29 traces, 7 coordinates, 2 images, 208 timestamps)
[summary] Converted 1 file(s); skipped 0 existing file(s); failed 0 file(s).

Processing: /global/cfs/cdirs/m3239/2026_FES-AmSC/data/laser/2026-06-07/png-14384-2026-06-07.h5
[meta] Loaded PV metadata from /global/cfs/cdirs/m3239/2026_FES-AmSC/data/laser/documentation/DT peening laser PVs (updated).xlsx (201 PV entries)
[done] Wrote Laser BP5: /global/cfs/cdirs/m3239/2026_FES-AmSC/data/laser/bp_output/png-14384-2026-06-07.bp5 (1095/10000 valid samples, 174 scalars, 29 traces, 7 coordinates, 3 images, 208 timestamps)
[summary] Converted 1 file(s); skipped 0 existing file(s); failed 0 file(s).

Processing: /global/cfs/cdirs/m3239/2026_FES-AmSC/data/laser/2026-06-07/alignment-14378-2026-06-07.h5
[meta] Loaded PV metadata from /global/cfs/cdirs/m3239/2026_FES-AmSC/data/laser/documentation/DT peening laser PVs (updated).xlsx (201 PV entries)
[done] Wrote Laser BP5: /global/cfs/cdirs/m3239/2026_FES-AmSC/data/laser/bp_output/alignment-14378-2026-06-07.bp5 (59/10000 valid samples, 174 scalars, 29 traces, 7 coordinates, 3 images, 208 timestamps)
[summary] Converted 1 file(s); skipped 0 existing file(s); failed 0 file(s).

Processing: /global/cfs/cdirs/m3239/2026_FES-AmSC/data/laser/2026-06-07/png-14387-2026-06-07.h5
[meta] Loaded PV metadata from /global/cfs/cdirs/m3239/2026_FES-AmSC/data/laser/documentation/DT peening laser PVs (updated).xlsx (201 PV entries)
[done] Wrote Laser BP5: /global/cfs/cdirs/m3239/2026_FES-AmSC/data/laser/bp_output/png-14387-2026-06-07.bp5 (1783/10000 valid samples, 174 scalars, 29 traces, 7 coordinates, 3 images, 208 timestamps)
[summary] Converted 1 file(s); skipped 0 existing file(s); failed 0 file(s).

Processing: /global/cfs/cdirs/m3239/2026_FES-AmSC/data/laser/2026-06-07/png-14385-2026-06-07.h5
[meta] Loaded PV metadata from /global/cfs/cdirs/m3239/2026_FES-AmSC/data/laser/documentation/DT peening laser PVs (updated).xlsx (201 PV entries)
[done] Wrote Laser BP5: /global/cfs/cdirs/m3239/2026_FES-AmSC/data/laser/bp_output/png-14385-2026-06-07.bp5 (1125/10000 valid samples, 174 scalars, 29 traces, 7 coordinates, 3 images, 208 timestamps)
[summary] Converted 1 file(s); skipped 0 existing file(s); failed 0 file(s).

Processing: /global/cfs/cdirs/m3239/2026_FES-AmSC/data/laser/2026-06-07/png-14380-2026-06-07.h5
[meta] Loaded PV metadata from /global/cfs/cdirs/m3239/2026_FES-AmSC/data/laser/documentation/DT peening laser PVs (updated).xlsx (201 PV entries)
[done] Wrote Laser BP5: /global/cfs/cdirs/m3239/2026_FES-AmSC/data/laser/bp_output/png-14380-2026-06-07.bp5 (1130/10000 valid samples, 174 scalars, 29 traces, 7 coordinates, 3 images, 208 timestamps)
[summary] Converted 1 file(s); skipped 0 existing file(s); failed 0 file(s).

Processing: /global/cfs/cdirs/m3239/2026_FES-AmSC/data/laser/2026-06-07/png-14382-2026-06-07.h5
[meta] Loaded PV metadata from /global/cfs/cdirs/m3239/2026_FES-AmSC/data/laser/documentation/DT peening laser PVs (updated).xlsx (201 PV entries)
[done] Wrote Laser BP5: /global/cfs/cdirs/m3239/2026_FES-AmSC/data/laser/bp_output/png-14382-2026-06-07.bp5 (242/10000 valid samples, 174 scalars, 29 traces, 7 coordinates, 3 images, 208 timestamps)
[summary] Converted 1 file(s); skipped 0 existing file(s); failed 0 file(s).

Processing: /global/cfs/cdirs/m3239/2026_FES-AmSC/data/laser/2026-06-07/alignment-14377-2026-06-07.h5
[meta] Loaded PV metadata from /global/cfs/cdirs/m3239/2026_FES-AmSC/data/laser/documentation/DT peening laser PVs (updated).xlsx (201 PV entries)
[done] Wrote Laser BP5: /global/cfs/cdirs/m3239/2026_FES-AmSC/data/laser/bp_output/alignment-14377-2026-06-07.bp5 (709/10000 valid samples, 174 scalars, 29 traces, 7 coordinates, 3 images, 208 timestamps)
[summary] Converted 1 file(s); skipped 0 existing file(s); failed 0 file(s).

Processing: /global/cfs/cdirs/m3239/2026_FES-AmSC/data/laser/2026-06-07/png-14386-2026-06-07.h5
[meta] Loaded PV metadata from /global/cfs/cdirs/m3239/2026_FES-AmSC/data/laser/documentation/DT peening laser PVs (updated).xlsx (201 PV entries)
[done] Wrote Laser BP5: /global/cfs/cdirs/m3239/2026_FES-AmSC/data/laser/bp_output/png-14386-2026-06-07.bp5 (760/10000 valid samples, 174 scalars, 29 traces, 7 coordinates, 3 images, 208 timestamps)
[summary] Converted 1 file(s); skipped 0 existing file(s); failed 0 file(s).

Processing: /global/cfs/cdirs/m3239/2026_FES-AmSC/data/laser/2026-06-07/png-14381-2026-06-07.h5
[meta] Loaded PV metadata from /global/cfs/cdirs/m3239/2026_FES-AmSC/data/laser/documentation/DT peening laser PVs (updated).xlsx (201 PV entries)
[done] Wrote Laser BP5: /global/cfs/cdirs/m3239/2026_FES-AmSC/data/laser/bp_output/png-14381-2026-06-07.bp5 (56/10000 valid samples, 174 scalars, 29 traces, 7 coordinates, 3 images, 208 timestamps)
[summary] Converted 1 file(s); skipped 0 existing file(s); failed 0 file(s).

Processing: /global/cfs/cdirs/m3239/2026_FES-AmSC/data/laser/2026-06-07/png-14379-2026-06-07.h5
[meta] Loaded PV metadata from /global/cfs/cdirs/m3239/2026_FES-AmSC/data/laser/documentation/DT peening laser PVs (updated).xlsx (201 PV entries)
[done] Wrote Laser BP5: /global/cfs/cdirs/m3239/2026_FES-AmSC/data/laser/bp_output/png-14379-2026-06-07.bp5 (20/10000 valid samples, 174 scalars, 29 traces, 7 coordinates, 3 images, 208 timestamps)
[summary] Converted 1 file(s); skipped 0 existing file(s); failed 0 file(s).

Processing: /global/cfs/cdirs/m3239/2026_FES-AmSC/data/laser/2026-05-24/alignment-14267-2026-05-24.h5
[meta] Loaded PV metadata from /global/cfs/cdirs/m3239/2026_FES-AmSC/data/laser/documentation/DT peening laser PVs (updated).xlsx (201 PV entries)
[done] Wrote Laser BP5: /global/cfs/cdirs/m3239/2026_FES-AmSC/data/laser/bp_output/alignment-14267-2026-05-24.bp5 (616/10000 valid samples, 166 scalars, 29 traces, 7 coordinates, 4 images, 200 timestamps)
[summary] Converted 1 file(s); skipped 0 existing file(s); failed 0 file(s).

Processing: /global/cfs/cdirs/m3239/2026_FES-AmSC/data/laser/2026-05-24/png-14273-2026-05-24.h5
[meta] Loaded PV metadata from /global/cfs/cdirs/m3239/2026_FES-AmSC/data/laser/documentation/DT peening laser PVs (updated).xlsx (201 PV entries)
[done] Wrote Laser BP5: /global/cfs/cdirs/m3239/2026_FES-AmSC/data/laser/bp_output/png-14273-2026-05-24.bp5 (1670/10000 valid samples, 166 scalars, 29 traces, 7 coordinates, 4 images, 200 timestamps)
[summary] Converted 1 file(s); skipped 0 existing file(s); failed 0 file(s).

Processing: /global/cfs/cdirs/m3239/2026_FES-AmSC/data/laser/2026-05-24/alignment-14269-2026-05-24.h5
[meta] Loaded PV metadata from /global/cfs/cdirs/m3239/2026_FES-AmSC/data/laser/documentation/DT peening laser PVs (updated).xlsx (201 PV entries)
[done] Wrote Laser BP5: /global/cfs/cdirs/m3239/2026_FES-AmSC/data/laser/bp_output/alignment-14269-2026-05-24.bp5 (13/10000 valid samples, 166 scalars, 29 traces, 7 coordinates, 7 images, 200 timestamps)
[summary] Converted 1 file(s); skipped 0 existing file(s); failed 0 file(s).

Processing: /global/cfs/cdirs/m3239/2026_FES-AmSC/data/laser/2026-05-24/png-14274-2026-05-24.h5
[meta] Loaded PV metadata from /global/cfs/cdirs/m3239/2026_FES-AmSC/data/laser/documentation/DT peening laser PVs (updated).xlsx (201 PV entries)
[done] Wrote Laser BP5: /global/cfs/cdirs/m3239/2026_FES-AmSC/data/laser/bp_output/png-14274-2026-05-24.bp5 (2015/10000 valid samples, 166 scalars, 29 traces, 7 coordinates, 5 images, 200 timestamps)
[summary] Converted 1 file(s); skipped 0 existing file(s); failed 0 file(s).

Processing: /global/cfs/cdirs/m3239/2026_FES-AmSC/data/laser/2026-05-24/alignment-14270-2026-05-24.h5
[meta] Loaded PV metadata from /global/cfs/cdirs/m3239/2026_FES-AmSC/data/laser/documentation/DT peening laser PVs (updated).xlsx (201 PV entries)
[done] Wrote Laser BP5: /global/cfs/cdirs/m3239/2026_FES-AmSC/data/laser/bp_output/alignment-14270-2026-05-24.bp5 (17/10000 valid samples, 166 scalars, 29 traces, 7 coordinates, 7 images, 200 timestamps)
[summary] Converted 1 file(s); skipped 0 existing file(s); failed 0 file(s).

Processing: /global/cfs/cdirs/m3239/2026_FES-AmSC/data/laser/2026-05-24/png-14271-2026-05-24.h5
[meta] Loaded PV metadata from /global/cfs/cdirs/m3239/2026_FES-AmSC/data/laser/documentation/DT peening laser PVs (updated).xlsx (201 PV entries)
[done] Wrote Laser BP5: /global/cfs/cdirs/m3239/2026_FES-AmSC/data/laser/bp_output/png-14271-2026-05-24.bp5 (811/10000 valid samples, 166 scalars, 29 traces, 7 coordinates, 2 images, 200 timestamps)
[summary] Converted 1 file(s); skipped 0 existing file(s); failed 0 file(s).

Processing: /global/cfs/cdirs/m3239/2026_FES-AmSC/data/laser/2026-05-24/alignment-14268-2026-05-24.h5
[meta] Loaded PV metadata from /global/cfs/cdirs/m3239/2026_FES-AmSC/data/laser/documentation/DT peening laser PVs (updated).xlsx (201 PV entries)
[done] Wrote Laser BP5: /global/cfs/cdirs/m3239/2026_FES-AmSC/data/laser/bp_output/alignment-14268-2026-05-24.bp5 (1127/10000 valid samples, 166 scalars, 29 traces, 7 coordinates, 6 images, 200 timestamps)
[summary] Converted 1 file(s); skipped 0 existing file(s); failed 0 file(s).

Processing: /global/cfs/cdirs/m3239/2026_FES-AmSC/data/laser/2026-05-24/alignment-14272-2026-05-24.h5
[meta] Loaded PV metadata from /global/cfs/cdirs/m3239/2026_FES-AmSC/data/laser/documentation/DT peening laser PVs (updated).xlsx (201 PV entries)
[done] Wrote Laser BP5: /global/cfs/cdirs/m3239/2026_FES-AmSC/data/laser/bp_output/alignment-14272-2026-05-24.bp5 (5/10000 valid samples, 166 scalars, 29 traces, 7 coordinates, 4 images, 200 timestamps)
[summary] Converted 1 file(s); skipped 0 existing file(s); failed 0 file(s).

Processing: /global/cfs/cdirs/m3239/2026_FES-AmSC/data/laser/2026-04-10/png-14116-2026-04-10.h5
[meta] Loaded PV metadata from /global/cfs/cdirs/m3239/2026_FES-AmSC/data/laser/documentation/DT peening laser PVs (updated).xlsx (201 PV entries)
[done] Wrote Laser BP5: /global/cfs/cdirs/m3239/2026_FES-AmSC/data/laser/bp_output/png-14116-2026-04-10.bp5 (1599/10000 valid samples, 165 scalars, 29 traces, 7 coordinates, 4 images, 200 timestamps)
[summary] Converted 1 file(s); skipped 0 existing file(s); failed 0 file(s).

Processing: /global/cfs/cdirs/m3239/2026_FES-AmSC/data/laser/2026-04-10/png-14121-2026-04-10.h5
